Sep 30 06:49:25 abhishek-kamal systemd-modules-load[355]: Inserted module 'lp'
Sep 30 06:49:25 abhishek-kamal systemd-modules-load[355]: Inserted module 'ppdev'
Sep 30 06:49:25 abhishek-kamal systemd-modules-load[355]: Inserted module 'parport_pc'
Sep 30 06:49:25 abhishek-kamal systemd-modules-load[355]: Inserted module 'msr'
Sep 30 06:49:25 abhishek-kamal systemd-sysctl[373]: Not setting net/ipv4/conf/all/promote_secondaries (explicit setting exists).
Sep 30 06:49:25 abhishek-kamal systemd-sysctl[373]: Not setting net/ipv4/conf/default/promote_secondaries (explicit setting exists).
Sep 30 06:49:25 abhishek-kamal systemd[1]: Starting Flush Journal to Persistent Storage...
Sep 30 06:49:25 abhishek-kamal systemd[1]: Finished Coldplug All udev Devices.
Sep 30 06:49:25 abhishek-kamal systemd[1]: Started Rule-based Manager for Device Events and Files.
Sep 30 06:49:25 abhishek-kamal systemd[1]: Starting Show Plymouth Boot Screen...
Sep 30 06:49:25 abhishek-kamal systemd[1]: Started Show Plymouth Boot Screen.
Sep 30 06:49:25 abhishek-kamal systemd[1]: Condition check resulted in Dispatch Password Requests to Console Directory Watch being skipped.
Sep 30 06:49:25 abhishek-kamal systemd[1]: Started Forward Password Requests to Plymouth Directory Watch.
Sep 30 06:49:25 abhishek-kamal systemd[1]: Reached target Local Encrypted Volumes.
Sep 30 06:49:25 abhishek-kamal systemd[1]: Finished Flush Journal to Persistent Storage.
Sep 30 06:49:25 abhishek-kamal systemd[1]: Mounted Mount unit for core20, revision 1081.
Sep 30 06:49:25 abhishek-kamal systemd[1]: Mounted Mount unit for snapd, revision 12883.
Sep 30 06:49:25 abhishek-kamal systemd[1]: Mounted Mount unit for snapd, revision 13170.
Sep 30 06:49:25 abhishek-kamal systemd[1]: Mounted Mount unit for sublime-text, revision 109.
Sep 30 06:49:25 abhishek-kamal mtp-probe: checking bus 1, device 4: "/sys/devices/pci0000:00/0000:00:14.0/usb1/1-14"
Sep 30 06:49:25 abhishek-kamal mtp-probe: checking bus 1, device 3: "/sys/devices/pci0000:00/0000:00:14.0/usb1/1-7"
Sep 30 06:49:25 abhishek-kamal mtp-probe: bus: 1, device: 3 was not an MTP device
Sep 30 06:49:25 abhishek-kamal systemd[1]: Created slice system-systemd\x2dbacklight.slice.
Sep 30 06:49:25 abhishek-kamal systemd[1]: Starting Load/Save Screen Backlight Brightness of backlight:intel_backlight...
Sep 30 06:49:25 abhishek-kamal mtp-probe: bus: 1, device: 4 was not an MTP device
Sep 30 06:49:25 abhishek-kamal systemd-udevd[402]: Using default interface naming scheme 'v247'.
Sep 30 06:49:25 abhishek-kamal systemd-udevd[402]: ethtool: autonegotiation is unset or enabled, the speed and duplex are not writable.
Sep 30 06:49:25 abhishek-kamal systemd[1]: Finished Load/Save Screen Backlight Brightness of backlight:intel_backlight.
Sep 30 06:49:25 abhishek-kamal mtp-probe: checking bus 1, device 2: "/sys/devices/pci0000:00/0000:00:14.0/usb1/1-3"
Sep 30 06:49:25 abhishek-kamal mtp-probe: bus: 1, device: 2 was not an MTP device
Sep 30 06:49:25 abhishek-kamal systemd[1]: Listening on Load/Save RF Kill Switch Status /dev/rfkill Watch.
Sep 30 06:49:25 abhishek-kamal systemd[1]: Starting Load/Save RF Kill Switch Status...
Sep 30 06:49:25 abhishek-kamal systemd-udevd[413]: ethtool: autonegotiation is unset or enabled, the speed and duplex are not writable.
Sep 30 06:49:25 abhishek-kamal systemd[1]: Condition check resulted in Dispatch Password Requests to Console Directory Watch being skipped.
Sep 30 06:49:25 abhishek-kamal systemd[1]: Condition check resulted in Set Up Additional Binary Formats being skipped.
Sep 30 06:49:25 abhishek-kamal systemd[1]: Condition check resulted in File System Check on Root Device being skipped.
Sep 30 06:49:25 abhishek-kamal systemd[1]: Condition check resulted in Rebuild Hardware Database being skipped.
Sep 30 06:49:25 abhishek-kamal systemd[1]: Condition check resulted in Platform Persistent Storage Archival being skipped.
Sep 30 06:49:25 abhishek-kamal systemd[1]: Started Load/Save RF Kill Switch Status.
Sep 30 06:49:25 abhishek-kamal systemd[1]: Starting Load/Save Screen Backlight Brightness of leds:asus::kbd_backlight...
Sep 30 06:49:25 abhishek-kamal systemd[1]: Finished Load/Save Screen Backlight Brightness of leds:asus::kbd_backlight.
Sep 30 06:49:25 abhishek-kamal systemd[1]: Found device Micron_2210_MTFDHBA512QFD SYSTEM.
Sep 30 06:49:25 abhishek-kamal systemd[1]: Starting File System Check on /dev/disk/by-uuid/CA11-980E...
Sep 30 06:49:25 abhishek-kamal systemd[1]: Started File System Check Daemon to report status.
Sep 30 06:49:25 abhishek-kamal systemd[1]: Found device Micron_2210_MTFDHBA512QFD 9.
Sep 30 06:49:25 abhishek-kamal systemd[1]: Starting File System Check on /dev/disk/by-uuid/e2f4e573-0acd-482b-9eb0-94a115a68415...
Sep 30 06:49:25 abhishek-kamal systemd-fsck[556]: /dev/nvme0n1p9: clean, 103741/838832 files, 2802276/3350016 blocks
Sep 30 06:49:25 abhishek-kamal systemd-fsck[554]: fsck.fat 4.2 (2021-01-31)
Sep 30 06:49:25 abhishek-kamal systemd-fsck[554]: /dev/nvme0n1p1: 220 files, 11262/65536 clusters
Sep 30 06:49:25 abhishek-kamal systemd[1]: Finished File System Check on /dev/disk/by-uuid/e2f4e573-0acd-482b-9eb0-94a115a68415.
Sep 30 06:49:25 abhishek-kamal systemd[1]: Mounting /home...
Sep 30 06:49:25 abhishek-kamal systemd[1]: Finished File System Check on /dev/disk/by-uuid/CA11-980E.
Sep 30 06:49:25 abhishek-kamal systemd[1]: Mounted /home.
Sep 30 06:49:25 abhishek-kamal systemd[1]: Mounting /boot/efi...
Sep 30 06:49:25 abhishek-kamal systemd[1]: Mounted /boot/efi.
Sep 30 06:49:25 abhishek-kamal systemd[1]: Reached target Local File Systems.
Sep 30 06:49:25 abhishek-kamal systemd[1]: Starting Load AppArmor profiles...
Sep 30 06:49:25 abhishek-kamal systemd[1]: Starting Set console font and keymap...
Sep 30 06:49:25 abhishek-kamal systemd[1]: Starting Tell Plymouth To Write Out Runtime Data...
Sep 30 06:49:25 abhishek-kamal systemd[1]: Condition check resulted in Store a System Token in an EFI Variable being skipped.
Sep 30 06:49:25 abhishek-kamal systemd[1]: Condition check resulted in Commit a transient machine-id on disk being skipped.
Sep 30 06:49:25 abhishek-kamal systemd[1]: Starting Create Volatile Files and Directories...
Sep 30 06:49:25 abhishek-kamal apparmor.systemd[563]: Restarting AppArmor
Sep 30 06:49:25 abhishek-kamal apparmor.systemd[563]: Reloading AppArmor profiles
Sep 30 06:49:25 abhishek-kamal systemd[1]: Finished Set console font and keymap.
Sep 30 06:49:25 abhishek-kamal systemd-udevd[384]: nvme0n1p3: Failed to update device symlinks: Too many levels of symbolic links
Sep 30 06:49:25 abhishek-kamal systemd-udevd[399]: nvme0n1p6: Failed to update device symlinks: Too many levels of symbolic links
Sep 30 06:49:25 abhishek-kamal systemd[1]: Received SIGRTMIN+20 from PID 278 (plymouthd).
Sep 30 06:49:25 abhishek-kamal systemd[1]: Finished Tell Plymouth To Write Out Runtime Data.
Sep 30 06:49:25 abhishek-kamal apparmor.systemd[574]: Skipping profile in /etc/apparmor.d/disable: usr.sbin.rsyslogd
Sep 30 06:49:25 abhishek-kamal apparmor.systemd[576]: Skipping profile in /etc/apparmor.d/disable: usr.bin.firefox
Sep 30 06:49:25 abhishek-kamal systemd-udevd[402]: nvme0n1p7: Failed to update device symlinks: Too many levels of symbolic links
Sep 30 06:49:25 abhishek-kamal systemd-udevd[407]: nvme0n1p8: Failed to update device symlinks: Too many levels of symbolic links
Sep 30 06:49:25 abhishek-kamal systemd[1]: Finished Create Volatile Files and Directories.
Sep 30 06:49:25 abhishek-kamal systemd[1]: Starting Network Name Resolution...
Sep 30 06:49:25 abhishek-kamal systemd[1]: Starting Network Time Synchronization...
Sep 30 06:49:25 abhishek-kamal systemd[1]: Starting Update UTMP about System Boot/Shutdown...
Sep 30 06:49:25 abhishek-kamal systemd[1]: Finished Update UTMP about System Boot/Shutdown.
Sep 30 06:49:25 abhishek-kamal systemd-udevd[388]: nvme0n1p4: Failed to update device symlinks: Too many levels of symbolic links
Sep 30 06:49:25 abhishek-kamal systemd-udevd[399]: nvme0n1p6: Failed to update device symlinks: Too many levels of symbolic links
Sep 30 06:49:25 abhishek-kamal systemd-udevd[402]: nvme0n1p7: Failed to update device symlinks: Too many levels of symbolic links
Sep 30 06:49:25 abhishek-kamal systemd-resolved[587]: Positive Trust Anchors:
Sep 30 06:49:25 abhishek-kamal systemd-resolved[587]: . IN DS 20326 8 2 e06d44b80b8f1d39a95c0b0d7c65d08458e880409bbc683457104237c7f8ec8d
Sep 30 06:49:25 abhishek-kamal systemd-resolved[587]: Negative trust anchors: 10.in-addr.arpa 16.172.in-addr.arpa 17.172.in-addr.arpa 18.172.in-addr.arpa 19.172.in-addr.arpa 20.172.in-addr.arpa 21.172.in-addr.arpa 22.172.in-addr.arpa 23.172.in-addr.arpa 24.172.in-addr.arpa 25.172.in-addr.arpa 26.172.in-addr.arpa 27.172.in-addr.arpa 28.172.in-addr.arpa 29.172.in-addr.arpa 30.172.in-addr.arpa 31.172.in-addr.arpa 168.192.in-addr.arpa d.f.ip6.arpa corp home internal intranet lan local private test
Sep 30 06:49:25 abhishek-kamal systemd-resolved[587]: Using system hostname 'abhishek-kamal'.
Sep 30 06:49:25 abhishek-kamal systemd[1]: Started Network Name Resolution.
Sep 30 06:49:25 abhishek-kamal systemd[1]: Finished Load AppArmor profiles.
Sep 30 06:49:25 abhishek-kamal systemd[1]: Reached target Host and Network Name Lookups.
Sep 30 06:49:25 abhishek-kamal systemd[1]: Started Entropy Daemon based on the HAVEGE algorithm.
Sep 30 06:49:25 abhishek-kamal systemd[1]: Starting Load AppArmor profiles managed internally by snapd...
Sep 30 06:49:25 abhishek-kamal systemd[1]: Finished Load AppArmor profiles managed internally by snapd.
Sep 30 06:49:25 abhishek-kamal haveged[648]: haveged: command socket is listening at fd 3
Sep 30 06:49:25 abhishek-kamal systemd[1]: Started Network Time Synchronization.
Sep 30 06:49:25 abhishek-kamal systemd[1]: Reached target System Initialization.
Sep 30 06:49:25 abhishek-kamal systemd[1]: Started ACPI Events Check.
Sep 30 06:49:25 abhishek-kamal systemd[1]: Condition check resulted in Process error reports when automatic reporting is enabled (file watch) being skipped.
Sep 30 06:49:25 abhishek-kamal systemd[1]: Started CUPS Scheduler.
Sep 30 06:49:25 abhishek-kamal systemd[1]: Started Daily Cleanup of Temporary Directories.
Sep 30 06:49:25 abhishek-kamal systemd[1]: Reached target Paths.
Sep 30 06:49:25 abhishek-kamal systemd[1]: Reached target System Time Set.
Sep 30 06:49:25 abhishek-kamal systemd[1]: Reached target System Time Synchronized.
Sep 30 06:49:25 abhishek-kamal systemd[1]: Started Trigger anacron every hour.
Sep 30 06:49:25 abhishek-kamal systemd[1]: Started Daily apt download activities.
Sep 30 06:49:25 abhishek-kamal systemd[1]: Started Daily apt upgrade and clean activities.
Sep 30 06:49:25 abhishek-kamal systemd[1]: Started Periodic ext4 Online Metadata Check for All Filesystems.
Sep 30 06:49:25 abhishek-kamal systemd[1]: Started Discard unused blocks once a week.
Sep 30 06:49:25 abhishek-kamal systemd[1]: Started Refresh fwupd metadata regularly.
Sep 30 06:49:25 abhishek-kamal systemd[1]: Started Daily rotation of log files.
Sep 30 06:49:25 abhishek-kamal systemd[1]: Started Daily man-db regeneration.
Sep 30 06:49:25 abhishek-kamal systemd[1]: Started Updates mlocate database every day.
Sep 30 06:49:25 abhishek-kamal systemd[1]: Started Message of the Day.
Sep 30 06:49:25 abhishek-kamal systemd[1]: Started Clean PHP session files every 30 mins.
Sep 30 06:49:25 abhishek-kamal systemd[1]: Condition check resulted in Timer to automatically fetch and run repair assertions being skipped.
Sep 30 06:49:25 abhishek-kamal systemd[1]: Started Ubuntu Advantage update messaging.
Sep 30 06:49:25 abhishek-kamal systemd[1]: Reached target Timers.
Sep 30 06:49:25 abhishek-kamal systemd[1]: Listening on ACPID Listen Socket.
Sep 30 06:49:25 abhishek-kamal systemd[1]: Condition check resulted in Unix socket for apport crash forwarding being skipped.
Sep 30 06:49:25 abhishek-kamal systemd[1]: Listening on Avahi mDNS/DNS-SD Stack Activation Socket.
Sep 30 06:49:25 abhishek-kamal systemd[1]: Listening on CUPS Scheduler.
Sep 30 06:49:25 abhishek-kamal systemd[1]: Starting Socket activation for snappy daemon.
Sep 30 06:49:25 abhishek-kamal systemd[1]: Listening on UUID daemon activation socket.
Sep 30 06:49:25 abhishek-kamal systemd[1]: Listening on Socket activation for snappy daemon.
Sep 30 06:49:25 abhishek-kamal systemd[1]: Reached target Sockets.
Sep 30 06:49:25 abhishek-kamal systemd[1]: Reached target Basic System.
Sep 30 06:49:25 abhishek-kamal systemd[1]: Listening on D-Bus System Message Bus Socket.
Sep 30 06:49:25 abhishek-kamal systemd[1]: Starting Accounts Service...
Sep 30 06:49:25 abhishek-kamal systemd[1]: Started ACPI event daemon.
Sep 30 06:49:25 abhishek-kamal systemd[1]: Condition check resulted in Run anacron jobs being skipped.
Sep 30 06:49:25 abhishek-kamal systemd[1]: Starting LSB: automatic crash report generation...
Sep 30 06:49:25 abhishek-kamal systemd[1]: Starting Avahi mDNS/DNS-SD Stack...
Sep 30 06:49:25 abhishek-kamal systemd[1]: Starting Bluetooth service...
Sep 30 06:49:25 abhishek-kamal systemd[1]: Started Regular background program processing daemon.
Sep 30 06:49:25 abhishek-kamal systemd[1]: Started D-Bus System Message Bus.
Sep 30 06:49:25 abhishek-kamal cron[670]: (CRON) INFO (pidfile fd = 3)
Sep 30 06:49:25 abhishek-kamal systemd[1]: Starting Network Manager...
Sep 30 06:49:25 abhishek-kamal systemd[1]: Started Save initial kernel messages after boot.
Sep 30 06:49:25 abhishek-kamal cron[670]: (CRON) INFO (Running @reboot jobs)
Sep 30 06:49:25 abhishek-kamal haveged[648]: haveged starting up
Sep 30 06:49:25 abhishek-kamal systemd[1]: Starting Remove Stale Online ext4 Metadata Check Snapshots...
Sep 30 06:49:25 abhishek-kamal systemd[1]: Condition check resulted in getty on tty2-tty6 if dbus and logind are not available being skipped.
Sep 30 06:49:25 abhishek-kamal systemd[1]: Reached target Login Prompts.
Sep 30 06:49:25 abhishek-kamal systemd[1]: Starting Detect the available GPUs and deal with any system changes...
Sep 30 06:49:25 abhishek-kamal avahi-daemon[667]: Found user 'avahi' (UID 113) and group 'avahi' (GID 121).
Sep 30 06:49:25 abhishek-kamal systemd[1]: Starting Record successful boot for GRUB...
Sep 30 06:49:25 abhishek-kamal systemd[1]: Started irqbalance daemon.
Sep 30 06:49:25 abhishek-kamal systemd[1]: Starting Dispatcher daemon for systemd-networkd...
Sep 30 06:49:25 abhishek-kamal systemd[1]: Starting Clean php session files...
Sep 30 06:49:25 abhishek-kamal systemd[1]: Starting Authorization Manager...
Sep 30 06:49:25 abhishek-kamal bluetoothd[668]: Bluetooth daemon 5.56
Sep 30 06:49:25 abhishek-kamal systemd[1]: Starting Restore /etc/resolv.conf if the system crashed before the ppp link was shut down...
Sep 30 06:49:25 abhishek-kamal systemd[1]: Starting System Logging Service...
Sep 30 06:49:25 abhishek-kamal systemd[1]: Starting Secure Boot updates for DB and DBX...
Sep 30 06:49:25 abhishek-kamal systemd[1]: Starting Self Monitoring and Reporting Technology (SMART) Daemon...
Sep 30 06:49:25 abhishek-kamal systemd[1]: Condition check resulted in Automatically repair incorrect owner/permissions on core devices being skipped.
Sep 30 06:49:25 abhishek-kamal systemd[1]: Condition check resulted in Wait for the Ubuntu Core chooser trigger being skipped.
Sep 30 06:49:25 abhishek-kamal systemd[1]: Starting Snap Daemon...
Sep 30 06:49:25 abhishek-kamal systemd[1]: Starting User Login Management...
Sep 30 06:49:25 abhishek-kamal systemd[1]: Starting Thermal Daemon Service...
Sep 30 06:49:25 abhishek-kamal systemd[1]: Condition check resulted in Ubuntu Advantage reboot cmds being skipped.
Sep 30 06:49:25 abhishek-kamal systemd[1]: Starting Disk Manager...
Sep 30 06:49:25 abhishek-kamal systemd[1]: Starting WPA supplicant...
Sep 30 06:49:25 abhishek-kamal systemd[1]: Condition check resulted in Rotate log files being skipped.
Sep 30 06:49:25 abhishek-kamal systemd[1]: Condition check resulted in Daily man-db regeneration being skipped.
Sep 30 06:49:25 abhishek-kamal systemd[1]: Condition check resulted in Update a database for mlocate being skipped.
Sep 30 06:49:25 abhishek-kamal systemd[1]: pppd-dns.service: Succeeded.
Sep 30 06:49:25 abhishek-kamal systemd[1]: Finished Restore /etc/resolv.conf if the system crashed before the ppp link was shut down.
Sep 30 06:49:25 abhishek-kamal avahi-daemon[667]: Successfully dropped root privileges.
Sep 30 06:49:25 abhishek-kamal avahi-daemon[667]: avahi-daemon 0.8 starting up.
Sep 30 06:49:25 abhishek-kamal rsyslogd: imuxsock: Acquired UNIX socket '/run/systemd/journal/syslog' (fd 3) from systemd.  [v8.2102.0]
Sep 30 06:49:25 abhishek-kamal systemd[1]: Started System Logging Service.
Sep 30 06:49:25 abhishek-kamal rsyslogd: rsyslogd's groupid changed to 110
Sep 30 06:49:25 abhishek-kamal rsyslogd: rsyslogd's userid changed to 104
Sep 30 06:49:25 abhishek-kamal rsyslogd: [origin software="rsyslogd" swVersion="8.2102.0" x-pid="686" x-info="https://www.rsyslog.com"] start
Sep 30 06:49:25 abhishek-kamal sh[723]: grub-editenv: error: cannot read `/boot/grub/grubenv': No such file or directory.
Sep 30 06:49:25 abhishek-kamal systemd[1]: Started Record successful boot for GRUB.
Sep 30 06:49:25 abhishek-kamal systemd[1]: Starting GRUB failed boot detection...
Sep 30 06:49:25 abhishek-kamal apport[666]:  * Starting automatic crash report generation: apport
Sep 30 06:49:25 abhishek-kamal kernel: [    0.000000] microcode: microcode updated early to revision 0xea, date = 2021-02-07
Sep 30 06:49:25 abhishek-kamal kernel: [    0.000000] Linux version 5.11.0-37-generic (buildd@lcy01-amd64-025) (gcc (Ubuntu 10.3.0-1ubuntu1) 10.3.0, GNU ld (GNU Binutils for Ubuntu) 2.36.1) #41-Ubuntu SMP Mon Sep 20 16:39:20 UTC 2021 (Ubuntu 5.11.0-37.41-generic 5.11.22)
Sep 30 06:49:25 abhishek-kamal kernel: [    0.000000] Command line: BOOT_IMAGE=/boot/vmlinuz-5.11.0-37-generic root=UUID=33840952-5a99-4518-99af-6856d0d7ca9a ro quiet splash vt.handoff=7
Sep 30 06:49:25 abhishek-kamal kernel: [    0.000000] KERNEL supported cpus:
Sep 30 06:49:25 abhishek-kamal kernel: [    0.000000]   Intel GenuineIntel
Sep 30 06:49:25 abhishek-kamal kernel: [    0.000000]   AMD AuthenticAMD
Sep 30 06:49:25 abhishek-kamal kernel: [    0.000000]   Hygon HygonGenuine
Sep 30 06:49:25 abhishek-kamal kernel: [    0.000000]   Centaur CentaurHauls
Sep 30 06:49:25 abhishek-kamal kernel: [    0.000000]   zhaoxin   Shanghai  
Sep 30 06:49:25 abhishek-kamal kernel: [    0.000000] x86/fpu: Supporting XSAVE feature 0x001: 'x87 floating point registers'
Sep 30 06:49:25 abhishek-kamal kernel: [    0.000000] x86/fpu: Supporting XSAVE feature 0x002: 'SSE registers'
Sep 30 06:49:25 abhishek-kamal kernel: [    0.000000] x86/fpu: Supporting XSAVE feature 0x004: 'AVX registers'
Sep 30 06:49:25 abhishek-kamal kernel: [    0.000000] x86/fpu: Supporting XSAVE feature 0x008: 'MPX bounds registers'
Sep 30 06:49:25 abhishek-kamal kernel: [    0.000000] x86/fpu: Supporting XSAVE feature 0x010: 'MPX CSR'
Sep 30 06:49:25 abhishek-kamal kernel: [    0.000000] x86/fpu: Supporting XSAVE feature 0x200: 'Protection Keys User registers'
Sep 30 06:49:25 abhishek-kamal kernel: [    0.000000] x86/fpu: xstate_offset[2]:  576, xstate_sizes[2]:  256
Sep 30 06:49:25 abhishek-kamal kernel: [    0.000000] x86/fpu: xstate_offset[3]:  832, xstate_sizes[3]:   64
Sep 30 06:49:25 abhishek-kamal kernel: [    0.000000] x86/fpu: xstate_offset[4]:  896, xstate_sizes[4]:   64
Sep 30 06:49:25 abhishek-kamal kernel: [    0.000000] x86/fpu: xstate_offset[9]:  960, xstate_sizes[9]:    8
Sep 30 06:49:25 abhishek-kamal kernel: [    0.000000] x86/fpu: Enabled xstate features 0x21f, context size is 968 bytes, using 'compacted' format.
Sep 30 06:49:25 abhishek-kamal kernel: [    0.000000] BIOS-provided physical RAM map:
Sep 30 06:49:25 abhishek-kamal kernel: [    0.000000] BIOS-e820: [mem 0x0000000000000000-0x000000000009dfff] usable
Sep 30 06:49:25 abhishek-kamal kernel: [    0.000000] BIOS-e820: [mem 0x000000000009e000-0x000000000009efff] reserved
Sep 30 06:49:25 abhishek-kamal kernel: [    0.000000] BIOS-e820: [mem 0x000000000009f000-0x000000000009ffff] usable
Sep 30 06:49:25 abhishek-kamal kernel: [    0.000000] BIOS-e820: [mem 0x00000000000a0000-0x00000000000fffff] reserved
Sep 30 06:49:25 abhishek-kamal kernel: [    0.000000] BIOS-e820: [mem 0x0000000000100000-0x0000000097561fff] usable
Sep 30 06:49:25 abhishek-kamal kernel: [    0.000000] BIOS-e820: [mem 0x0000000097562000-0x000000009915efff] reserved
Sep 30 06:49:25 abhishek-kamal kernel: [    0.000000] BIOS-e820: [mem 0x000000009915f000-0x000000009928efff] ACPI data
Sep 30 06:49:25 abhishek-kamal kernel: [    0.000000] BIOS-e820: [mem 0x000000009928f000-0x000000009938efff] ACPI NVS
Sep 30 06:49:25 abhishek-kamal kernel: [    0.000000] BIOS-e820: [mem 0x000000009938f000-0x0000000099c4dfff] reserved
Sep 30 06:49:25 abhishek-kamal kernel: [    0.000000] BIOS-e820: [mem 0x0000000099c4e000-0x0000000099c4efff] usable
Sep 30 06:49:25 abhishek-kamal kernel: [    0.000000] BIOS-e820: [mem 0x0000000099c4f000-0x000000009f7fffff] reserved
Sep 30 06:49:25 abhishek-kamal kernel: [    0.000000] BIOS-e820: [mem 0x00000000e0000000-0x00000000efffffff] reserved
Sep 30 06:49:25 abhishek-kamal kernel: [    0.000000] BIOS-e820: [mem 0x00000000fe000000-0x00000000fe010fff] reserved
Sep 30 06:49:25 abhishek-kamal kernel: [    0.000000] BIOS-e820: [mem 0x00000000fec00000-0x00000000fec00fff] reserved
Sep 30 06:49:25 abhishek-kamal kernel: [    0.000000] BIOS-e820: [mem 0x00000000fed00000-0x00000000fed03fff] reserved
Sep 30 06:49:25 abhishek-kamal kernel: [    0.000000] BIOS-e820: [mem 0x00000000fee00000-0x00000000fee00fff] reserved
Sep 30 06:49:25 abhishek-kamal kernel: [    0.000000] BIOS-e820: [mem 0x00000000ff000000-0x00000000ffffffff] reserved
Sep 30 06:49:25 abhishek-kamal kernel: [    0.000000] BIOS-e820: [mem 0x0000000100000000-0x000000025e7fffff] usable
Sep 30 06:49:25 abhishek-kamal kernel: [    0.000000] NX (Execute Disable) protection: active
Sep 30 06:49:25 abhishek-kamal kernel: [    0.000000] e820: update [mem 0x8ec7a018-0x8ec89057] usable ==> usable
Sep 30 06:49:25 abhishek-kamal kernel: [    0.000000] e820: update [mem 0x8ec7a018-0x8ec89057] usable ==> usable
Sep 30 06:49:25 abhishek-kamal kernel: [    0.000000] extended physical RAM map:
Sep 30 06:49:25 abhishek-kamal kernel: [    0.000000] reserve setup_data: [mem 0x0000000000000000-0x000000000009dfff] usable
Sep 30 06:49:25 abhishek-kamal kernel: [    0.000000] reserve setup_data: [mem 0x000000000009e000-0x000000000009efff] reserved
Sep 30 06:49:25 abhishek-kamal kernel: [    0.000000] reserve setup_data: [mem 0x000000000009f000-0x000000000009ffff] usable
Sep 30 06:49:25 abhishek-kamal kernel: [    0.000000] reserve setup_data: [mem 0x00000000000a0000-0x00000000000fffff] reserved
Sep 30 06:49:25 abhishek-kamal kernel: [    0.000000] reserve setup_data: [mem 0x0000000000100000-0x000000008ec7a017] usable
Sep 30 06:49:25 abhishek-kamal kernel: [    0.000000] reserve setup_data: [mem 0x000000008ec7a018-0x000000008ec89057] usable
Sep 30 06:49:25 abhishek-kamal kernel: [    0.000000] reserve setup_data: [mem 0x000000008ec89058-0x0000000097561fff] usable
Sep 30 06:49:25 abhishek-kamal kernel: [    0.000000] reserve setup_data: [mem 0x0000000097562000-0x000000009915efff] reserved
Sep 30 06:49:25 abhishek-kamal kernel: [    0.000000] reserve setup_data: [mem 0x000000009915f000-0x000000009928efff] ACPI data
Sep 30 06:49:25 abhishek-kamal kernel: [    0.000000] reserve setup_data: [mem 0x000000009928f000-0x000000009938efff] ACPI NVS
Sep 30 06:49:25 abhishek-kamal kernel: [    0.000000] reserve setup_data: [mem 0x000000009938f000-0x0000000099c4dfff] reserved
Sep 30 06:49:25 abhishek-kamal kernel: [    0.000000] reserve setup_data: [mem 0x0000000099c4e000-0x0000000099c4efff] usable
Sep 30 06:49:25 abhishek-kamal kernel: [    0.000000] reserve setup_data: [mem 0x0000000099c4f000-0x000000009f7fffff] reserved
Sep 30 06:49:25 abhishek-kamal kernel: [    0.000000] reserve setup_data: [mem 0x00000000e0000000-0x00000000efffffff] reserved
Sep 30 06:49:25 abhishek-kamal kernel: [    0.000000] reserve setup_data: [mem 0x00000000fe000000-0x00000000fe010fff] reserved
Sep 30 06:49:25 abhishek-kamal kernel: [    0.000000] reserve setup_data: [mem 0x00000000fec00000-0x00000000fec00fff] reserved
Sep 30 06:49:25 abhishek-kamal kernel: [    0.000000] reserve setup_data: [mem 0x00000000fed00000-0x00000000fed03fff] reserved
Sep 30 06:49:25 abhishek-kamal kernel: [    0.000000] reserve setup_data: [mem 0x00000000fee00000-0x00000000fee00fff] reserved
Sep 30 06:49:25 abhishek-kamal kernel: [    0.000000] reserve setup_data: [mem 0x00000000ff000000-0x00000000ffffffff] reserved
Sep 30 06:49:25 abhishek-kamal kernel: [    0.000000] reserve setup_data: [mem 0x0000000100000000-0x000000025e7fffff] usable
Sep 30 06:49:25 abhishek-kamal kernel: [    0.000000] efi: EFI v2.70 by American Megatrends
Sep 30 06:49:25 abhishek-kamal kernel: [    0.000000] efi: ACPI=0x9928e000 ACPI 2.0=0x9928e014 TPMFinalLog=0x9931d000 SMBIOS=0x99802000 SMBIOS 3.0=0x99801000 MEMATTR=0x8ecb8698 ESRT=0x9148e598 MOKvar=0x8ecb9000 RNG=0x9984e618 TPMEventLog=0x8ec8a018 
Sep 30 06:49:25 abhishek-kamal kernel: [    0.000000] efi: seeding entropy pool
Sep 30 06:49:25 abhishek-kamal kernel: [    0.000000] random: fast init done
Sep 30 06:49:25 abhishek-kamal kernel: [    0.000000] secureboot: Secure boot enabled
Sep 30 06:49:25 abhishek-kamal kernel: [    0.000000] Kernel is locked down from EFI Secure Boot mode; see man kernel_lockdown.7
Sep 30 06:49:25 abhishek-kamal kernel: [    0.000000] SMBIOS 3.2.0 present.
Sep 30 06:49:25 abhishek-kamal kernel: [    0.000000] DMI: ASUSTeK COMPUTER INC. ASUS TUF Gaming F15 FX506LH_FX506LH/FX506LH, BIOS FX506LH.309 02/02/2021
Sep 30 06:49:25 abhishek-kamal kernel: [    0.000000] tsc: Detected 2500.000 MHz processor
Sep 30 06:49:25 abhishek-kamal kernel: [    0.000000] tsc: Detected 2499.952 MHz TSC
Sep 30 06:49:25 abhishek-kamal kernel: [    0.000452] e820: update [mem 0x00000000-0x00000fff] usable ==> reserved
Sep 30 06:49:25 abhishek-kamal kernel: [    0.000456] e820: remove [mem 0x000a0000-0x000fffff] usable
Sep 30 06:49:25 abhishek-kamal kernel: [    0.000465] last_pfn = 0x25e800 max_arch_pfn = 0x400000000
Sep 30 06:49:25 abhishek-kamal kernel: [    0.000474] MTRR default type: write-back
Sep 30 06:49:25 abhishek-kamal kernel: [    0.000476] MTRR fixed ranges enabled:
Sep 30 06:49:25 abhishek-kamal kernel: [    0.000477]   00000-9FFFF write-back
Sep 30 06:49:25 abhishek-kamal kernel: [    0.000479]   A0000-BFFFF uncachable
Sep 30 06:49:25 abhishek-kamal kernel: [    0.000480]   C0000-FFFFF write-protect
Sep 30 06:49:25 abhishek-kamal kernel: [    0.000481] MTRR variable ranges enabled:
Sep 30 06:49:25 abhishek-kamal kernel: [    0.000483]   0 base 00C0000000 mask 7FC0000000 uncachable
Sep 30 06:49:25 abhishek-kamal kernel: [    0.000485]   1 base 00A0000000 mask 7FE0000000 uncachable
Sep 30 06:49:25 abhishek-kamal kernel: [    0.000487]   2 base 009C000000 mask 7FFC000000 uncachable
Sep 30 06:49:25 abhishek-kamal kernel: [    0.000489]   3 base 009B000000 mask 7FFF000000 uncachable
Sep 30 06:49:25 abhishek-kamal kernel: [    0.000490]   4 base 2000000000 mask 6000000000 uncachable
Sep 30 06:49:25 abhishek-kamal kernel: [    0.000492]   5 base 1000000000 mask 7000000000 uncachable
Sep 30 06:49:25 abhishek-kamal kernel: [    0.000494]   6 base 0800000000 mask 7800000000 uncachable
Sep 30 06:49:25 abhishek-kamal kernel: [    0.000495]   7 base 0400000000 mask 7C00000000 uncachable
Sep 30 06:49:25 abhishek-kamal kernel: [    0.000497]   8 base 4000000000 mask 4000000000 uncachable
Sep 30 06:49:25 abhishek-kamal kernel: [    0.000498]   9 disabled
Sep 30 06:49:25 abhishek-kamal kernel: [    0.000666] x86/PAT: Configuration [0-7]: WB  WC  UC- UC  WB  WP  UC- WT  
Sep 30 06:49:25 abhishek-kamal kernel: [    0.001707] last_pfn = 0x99c4f max_arch_pfn = 0x400000000
Sep 30 06:49:25 abhishek-kamal kernel: [    0.017996] esrt: Reserving ESRT space from 0x000000009148e598 to 0x000000009148e5d0.
Sep 30 06:49:25 abhishek-kamal kernel: [    0.018006] e820: update [mem 0x9148e000-0x9148efff] usable ==> reserved
Sep 30 06:49:25 abhishek-kamal kernel: [    0.018023] e820: update [mem 0x8ecb9000-0x8ecb9fff] usable ==> reserved
Sep 30 06:49:25 abhishek-kamal kernel: [    0.018086] check: Scanning 1 areas for low memory corruption
Sep 30 06:49:25 abhishek-kamal kernel: [    0.018091] Using GB pages for direct mapping
Sep 30 06:49:25 abhishek-kamal kernel: [    0.018493] secureboot: Secure boot enabled
Sep 30 06:49:25 abhishek-kamal kernel: [    0.018494] RAMDISK: [mem 0x39ef0000-0x3fffdfff]
Sep 30 06:49:25 abhishek-kamal kernel: [    0.018501] ACPI: Early table checksum verification disabled
Sep 30 06:49:25 abhishek-kamal kernel: [    0.018505] ACPI: RSDP 0x000000009928E014 000024 (v02 _ASUS_)
Sep 30 06:49:25 abhishek-kamal kernel: [    0.018509] ACPI: XSDT 0x000000009928D728 0000F4 (v01 _ASUS_ Notebook 01072009 AMI  01000013)
Sep 30 06:49:25 abhishek-kamal kernel: [    0.018516] ACPI: FACP 0x0000000099283000 000114 (v06 _ASUS_ Notebook 01072009 AMI  00010013)
Sep 30 06:49:25 abhishek-kamal kernel: [    0.018523] ACPI: DSDT 0x0000000099244000 03ED46 (v02 _ASUS_ Notebook 01072009 INTL 20160527)
Sep 30 06:49:25 abhishek-kamal kernel: [    0.018527] ACPI: FACS 0x000000009938E000 000040
Sep 30 06:49:25 abhishek-kamal kernel: [    0.018530] ACPI: MCFG 0x000000009928C000 00003C (v01 _ASUS_ Notebook 01072009 MSFT 00000097)
Sep 30 06:49:25 abhishek-kamal kernel: [    0.018535] ACPI: SSDT 0x0000000099289000 002087 (v02 CpuRef CpuSsdt  00003000 INTL 20160527)
Sep 30 06:49:25 abhishek-kamal kernel: [    0.018539] ACPI: SSDT 0x0000000099284000 004862 (v02 INTEL  DptfTabl 00001000 INTL 20160527)
Sep 30 06:49:25 abhishek-kamal kernel: [    0.018543] ACPI: FIDT 0x0000000099243000 00009C (v01 _ASUS_ Notebook 01072009 AMI  00010013)
Sep 30 06:49:25 abhishek-kamal kernel: [    0.018547] ACPI: MSDM 0x0000000099242000 000055 (v03 _ASUS_ Notebook 01072009 ASUS 00000001)
Sep 30 06:49:25 abhishek-kamal kernel: [    0.018550] ACPI: SSDT 0x000000009923E000 0031DA (v02 SaSsdt SaSsdt   00003000 INTL 20160527)
Sep 30 06:49:25 abhishek-kamal kernel: [    0.018554] ACPI: SSDT 0x000000009923B000 002912 (v02 Intel  PegSsdt  00001000 INTL 20160527)
Sep 30 06:49:25 abhishek-kamal kernel: [    0.018558] ACPI: HPET 0x000000009923A000 000038 (v01 _ASUS_ Notebook 01072009 AMI  01000013)
Sep 30 06:49:25 abhishek-kamal kernel: [    0.018562] ACPI: SSDT 0x0000000099238000 00147B (v02 _ASUS_ Ther_Rvp 00001000 INTL 20160527)
Sep 30 06:49:25 abhishek-kamal kernel: [    0.018566] ACPI: SSDT 0x0000000099234000 003240 (v02 INTEL  xh_cfhd4 00000000 INTL 20160527)
Sep 30 06:49:25 abhishek-kamal kernel: [    0.018570] ACPI: NHLT 0x0000000099233000 00002D (v00 _ASUS_ Notebook 01072009 AMI  01000013)
Sep 30 06:49:25 abhishek-kamal kernel: [    0.018574] ACPI: LPIT 0x0000000099232000 000094 (v01 _ASUS_ Notebook 01072009 AMI  01000013)
Sep 30 06:49:25 abhishek-kamal kernel: [    0.018578] ACPI: WSMT 0x0000000099231000 000028 (v01 _ASUS_ Notebook 01072009 AMI  01000013)
Sep 30 06:49:25 abhishek-kamal kernel: [    0.018582] ACPI: SSDT 0x000000009922E000 002720 (v02 _ASUS_ PtidDevc 00001000 INTL 20160527)
Sep 30 06:49:25 abhishek-kamal kernel: [    0.018586] ACPI: SSDT 0x000000009922B000 0025B2 (v02 _ASUS_ TbtTypeC 00000000 INTL 20160527)
Sep 30 06:49:25 abhishek-kamal kernel: [    0.018589] ACPI: DBGP 0x000000009922A000 000034 (v01 _ASUS_ Notebook 01072009 AMI  01000013)
Sep 30 06:49:25 abhishek-kamal kernel: [    0.018593] ACPI: DBG2 0x0000000099229000 000054 (v00 _ASUS_ Notebook 01072009 AMI  01000013)
Sep 30 06:49:25 abhishek-kamal kernel: [    0.018597] ACPI: SSDT 0x0000000099228000 000C16 (v02 _ASUS_ UsbCTabl 00001000 INTL 20160527)
Sep 30 06:49:25 abhishek-kamal kernel: [    0.018601] ACPI: SSDT 0x0000000099226000 0000AE (v02 SgRef  SgPeg    00001000 INTL 20160527)
Sep 30 06:49:25 abhishek-kamal kernel: [    0.018605] ACPI: BGRT 0x0000000099225000 000038 (v01 _ASUS_ Notebook 01072009 AMI  00010013)
Sep 30 06:49:25 abhishek-kamal kernel: [    0.018609] ACPI: TPM2 0x0000000099224000 00004C (v04 _ASUS_ Notebook 00000001 AMI  00000000)
Sep 30 06:49:25 abhishek-kamal kernel: [    0.018613] ACPI: DMAR 0x0000000099227000 0000A8 (v01 INTEL  EDK2     00000002      01000013)
Sep 30 06:49:25 abhishek-kamal kernel: [    0.018617] ACPI: SSDT 0x0000000099221000 00233F (v01 OptRf1 Opt1Tabl 00001000 INTL 20160527)
Sep 30 06:49:25 abhishek-kamal kernel: [    0.018621] ACPI: APIC 0x0000000099220000 0000BC (v04 _ASUS_ Notebook 01072009 AMI  00010013)
Sep 30 06:49:25 abhishek-kamal kernel: [    0.018624] ACPI: FPDT 0x000000009921F000 000044 (v01 _ASUS_ CML      01072009 AMI  01000013)
Sep 30 06:49:25 abhishek-kamal kernel: [    0.018628] ACPI: Reserving FACP table memory at [mem 0x99283000-0x99283113]
Sep 30 06:49:25 abhishek-kamal kernel: [    0.018630] ACPI: Reserving DSDT table memory at [mem 0x99244000-0x99282d45]
Sep 30 06:49:25 abhishek-kamal kernel: [    0.018631] ACPI: Reserving FACS table memory at [mem 0x9938e000-0x9938e03f]
Sep 30 06:49:25 abhishek-kamal kernel: [    0.018633] ACPI: Reserving MCFG table memory at [mem 0x9928c000-0x9928c03b]
Sep 30 06:49:25 abhishek-kamal kernel: [    0.018634] ACPI: Reserving SSDT table memory at [mem 0x99289000-0x9928b086]
Sep 30 06:49:25 abhishek-kamal kernel: [    0.018635] ACPI: Reserving SSDT table memory at [mem 0x99284000-0x99288861]
Sep 30 06:49:25 abhishek-kamal kernel: [    0.018637] ACPI: Reserving FIDT table memory at [mem 0x99243000-0x9924309b]
Sep 30 06:49:25 abhishek-kamal kernel: [    0.018638] ACPI: Reserving MSDM table memory at [mem 0x99242000-0x99242054]
Sep 30 06:49:25 abhishek-kamal kernel: [    0.018639] ACPI: Reserving SSDT table memory at [mem 0x9923e000-0x992411d9]
Sep 30 06:49:25 abhishek-kamal kernel: [    0.018640] ACPI: Reserving SSDT table memory at [mem 0x9923b000-0x9923d911]
Sep 30 06:49:25 abhishek-kamal kernel: [    0.018642] ACPI: Reserving HPET table memory at [mem 0x9923a000-0x9923a037]
Sep 30 06:49:25 abhishek-kamal kernel: [    0.018643] ACPI: Reserving SSDT table memory at [mem 0x99238000-0x9923947a]
Sep 30 06:49:25 abhishek-kamal kernel: [    0.018644] ACPI: Reserving SSDT table memory at [mem 0x99234000-0x9923723f]
Sep 30 06:49:25 abhishek-kamal kernel: [    0.018646] ACPI: Reserving NHLT table memory at [mem 0x99233000-0x9923302c]
Sep 30 06:49:25 abhishek-kamal kernel: [    0.018647] ACPI: Reserving LPIT table memory at [mem 0x99232000-0x99232093]
Sep 30 06:49:25 abhishek-kamal kernel: [    0.018648] ACPI: Reserving WSMT table memory at [mem 0x99231000-0x99231027]
Sep 30 06:49:25 abhishek-kamal kernel: [    0.018650] ACPI: Reserving SSDT table memory at [mem 0x9922e000-0x9923071f]
Sep 30 06:49:25 abhishek-kamal kernel: [    0.018651] ACPI: Reserving SSDT table memory at [mem 0x9922b000-0x9922d5b1]
Sep 30 06:49:25 abhishek-kamal kernel: [    0.018652] ACPI: Reserving DBGP table memory at [mem 0x9922a000-0x9922a033]
Sep 30 06:49:25 abhishek-kamal kernel: [    0.018654] ACPI: Reserving DBG2 table memory at [mem 0x99229000-0x99229053]
Sep 30 06:49:25 abhishek-kamal kernel: [    0.018655] ACPI: Reserving SSDT table memory at [mem 0x99228000-0x99228c15]
Sep 30 06:49:25 abhishek-kamal kernel: [    0.018656] ACPI: Reserving SSDT table memory at [mem 0x99226000-0x992260ad]
Sep 30 06:49:25 abhishek-kamal kernel: [    0.018658] ACPI: Reserving BGRT table memory at [mem 0x99225000-0x99225037]
Sep 30 06:49:25 abhishek-kamal kernel: [    0.018659] ACPI: Reserving TPM2 table memory at [mem 0x99224000-0x9922404b]
Sep 30 06:49:25 abhishek-kamal kernel: [    0.018660] ACPI: Reserving DMAR table memory at [mem 0x99227000-0x992270a7]
Sep 30 06:49:25 abhishek-kamal kernel: [    0.018662] ACPI: Reserving SSDT table memory at [mem 0x99221000-0x9922333e]
Sep 30 06:49:25 abhishek-kamal kernel: [    0.018663] ACPI: Reserving APIC table memory at [mem 0x99220000-0x992200bb]
Sep 30 06:49:25 abhishek-kamal kernel: [    0.018664] ACPI: Reserving FPDT table memory at [mem 0x9921f000-0x9921f043]
Sep 30 06:49:25 abhishek-kamal kernel: [    0.018684] ACPI: Local APIC address 0xfee00000
Sep 30 06:49:25 abhishek-kamal kernel: [    0.018956] No NUMA configuration found
Sep 30 06:49:25 abhishek-kamal kernel: [    0.018957] Faking a node at [mem 0x0000000000000000-0x000000025e7fffff]
Sep 30 06:49:25 abhishek-kamal kernel: [    0.018968] NODE_DATA(0) allocated [mem 0x25e7d4000-0x25e7fdfff]
Sep 30 06:49:25 abhishek-kamal kernel: [    0.019354] Zone ranges:
Sep 30 06:49:25 abhishek-kamal kernel: [    0.019355]   DMA      [mem 0x0000000000001000-0x0000000000ffffff]
Sep 30 06:49:25 abhishek-kamal kernel: [    0.019358]   DMA32    [mem 0x0000000001000000-0x00000000ffffffff]
Sep 30 06:49:25 abhishek-kamal kernel: [    0.019360]   Normal   [mem 0x0000000100000000-0x000000025e7fffff]
Sep 30 06:49:25 abhishek-kamal kernel: [    0.019362]   Device   empty
Sep 30 06:49:25 abhishek-kamal kernel: [    0.019363] Movable zone start for each node
Sep 30 06:49:25 abhishek-kamal kernel: [    0.019367] Early memory node ranges
Sep 30 06:49:25 abhishek-kamal kernel: [    0.019368]   node   0: [mem 0x0000000000001000-0x000000000009dfff]
Sep 30 06:49:25 abhishek-kamal kernel: [    0.019370]   node   0: [mem 0x000000000009f000-0x000000000009ffff]
Sep 30 06:49:25 abhishek-kamal kernel: [    0.019371]   node   0: [mem 0x0000000000100000-0x0000000097561fff]
Sep 30 06:49:25 abhishek-kamal kernel: [    0.019372]   node   0: [mem 0x0000000099c4e000-0x0000000099c4efff]
Sep 30 06:49:25 abhishek-kamal kernel: [    0.019374]   node   0: [mem 0x0000000100000000-0x000000025e7fffff]
Sep 30 06:49:25 abhishek-kamal kernel: [    0.019376] Initmem setup node 0 [mem 0x0000000000001000-0x000000025e7fffff]
Sep 30 06:49:25 abhishek-kamal kernel: [    0.019378] On node 0 totalpages: 2055425
Sep 30 06:49:25 abhishek-kamal kernel: [    0.019380]   DMA zone: 64 pages used for memmap
Sep 30 06:49:25 abhishek-kamal kernel: [    0.019381]   DMA zone: 26 pages reserved
Sep 30 06:49:25 abhishek-kamal kernel: [    0.019382]   DMA zone: 3998 pages, LIFO batch:0
Sep 30 06:49:25 abhishek-kamal kernel: [    0.019384]   DMA32 zone: 9622 pages used for memmap
Sep 30 06:49:25 abhishek-kamal kernel: [    0.019385]   DMA32 zone: 615779 pages, LIFO batch:63
Sep 30 06:49:25 abhishek-kamal kernel: [    0.019386]   Normal zone: 22432 pages used for memmap
Sep 30 06:49:25 abhishek-kamal kernel: [    0.019387]   Normal zone: 1435648 pages, LIFO batch:63
Sep 30 06:49:25 abhishek-kamal kernel: [    0.019391] On node 0, zone DMA: 1 pages in unavailable ranges
Sep 30 06:49:25 abhishek-kamal kernel: [    0.019392] On node 0, zone DMA: 1 pages in unavailable ranges
Sep 30 06:49:25 abhishek-kamal kernel: [    0.019435] On node 0, zone DMA: 96 pages in unavailable ranges
Sep 30 06:49:25 abhishek-kamal kernel: [    0.025058] On node 0, zone DMA32: 9964 pages in unavailable ranges
Sep 30 06:49:25 abhishek-kamal kernel: [    0.038340] On node 0, zone Normal: 25521 pages in unavailable ranges
Sep 30 06:49:25 abhishek-kamal kernel: [    0.038428] On node 0, zone Normal: 6144 pages in unavailable ranges
Sep 30 06:49:25 abhishek-kamal kernel: [    0.038469] Reserving Intel graphics memory at [mem 0x9b800000-0x9f7fffff]
Sep 30 06:49:25 abhishek-kamal kernel: [    0.039185] ACPI: PM-Timer IO Port: 0x1808
Sep 30 06:49:25 abhishek-kamal kernel: [    0.039187] ACPI: Local APIC address 0xfee00000
Sep 30 06:49:25 abhishek-kamal kernel: [    0.039194] ACPI: LAPIC_NMI (acpi_id[0x01] high edge lint[0x1])
Sep 30 06:49:25 abhishek-kamal kernel: [    0.039196] ACPI: LAPIC_NMI (acpi_id[0x02] high edge lint[0x1])
Sep 30 06:49:25 abhishek-kamal kernel: [    0.039197] ACPI: LAPIC_NMI (acpi_id[0x03] high edge lint[0x1])
Sep 30 06:49:25 abhishek-kamal kernel: [    0.039198] ACPI: LAPIC_NMI (acpi_id[0x04] high edge lint[0x1])
Sep 30 06:49:25 abhishek-kamal kernel: [    0.039200] ACPI: LAPIC_NMI (acpi_id[0x05] high edge lint[0x1])
Sep 30 06:49:25 abhishek-kamal kernel: [    0.039201] ACPI: LAPIC_NMI (acpi_id[0x06] high edge lint[0x1])
Sep 30 06:49:25 abhishek-kamal kernel: [    0.039202] ACPI: LAPIC_NMI (acpi_id[0x07] high edge lint[0x1])
Sep 30 06:49:25 abhishek-kamal kernel: [    0.039203] ACPI: LAPIC_NMI (acpi_id[0x08] high edge lint[0x1])
Sep 30 06:49:25 abhishek-kamal kernel: [    0.039266] IOAPIC[0]: apic_id 2, version 32, address 0xfec00000, GSI 0-119
Sep 30 06:49:25 abhishek-kamal kernel: [    0.039270] ACPI: INT_SRC_OVR (bus 0 bus_irq 0 global_irq 2 dfl dfl)
Sep 30 06:49:25 abhishek-kamal kernel: [    0.039272] ACPI: INT_SRC_OVR (bus 0 bus_irq 9 global_irq 9 high level)
Sep 30 06:49:25 abhishek-kamal kernel: [    0.039274] ACPI: IRQ0 used by override.
Sep 30 06:49:25 abhishek-kamal kernel: [    0.039275] ACPI: IRQ9 used by override.
Sep 30 06:49:25 abhishek-kamal kernel: [    0.039278] Using ACPI (MADT) for SMP configuration information
Sep 30 06:49:25 abhishek-kamal kernel: [    0.039279] ACPI: HPET id: 0x8086a201 base: 0xfed00000
Sep 30 06:49:25 abhishek-kamal kernel: [    0.039291] e820: update [mem 0x8f67e000-0x8f6acfff] usable ==> reserved
Sep 30 06:49:25 abhishek-kamal kernel: [    0.039302] TSC deadline timer available
Sep 30 06:49:25 abhishek-kamal kernel: [    0.039304] smpboot: Allowing 8 CPUs, 0 hotplug CPUs
Sep 30 06:49:25 abhishek-kamal kernel: [    0.039327] PM: hibernation: Registered nosave memory: [mem 0x00000000-0x00000fff]
Sep 30 06:49:25 abhishek-kamal kernel: [    0.039330] PM: hibernation: Registered nosave memory: [mem 0x0009e000-0x0009efff]
Sep 30 06:49:25 abhishek-kamal kernel: [    0.039333] PM: hibernation: Registered nosave memory: [mem 0x000a0000-0x000fffff]
Sep 30 06:49:25 abhishek-kamal kernel: [    0.039335] PM: hibernation: Registered nosave memory: [mem 0x8ec7a000-0x8ec7afff]
Sep 30 06:49:25 abhishek-kamal kernel: [    0.039338] PM: hibernation: Registered nosave memory: [mem 0x8ec89000-0x8ec89fff]
Sep 30 06:49:25 abhishek-kamal kernel: [    0.039340] PM: hibernation: Registered nosave memory: [mem 0x8ecb9000-0x8ecb9fff]
Sep 30 06:49:25 abhishek-kamal kernel: [    0.039342] PM: hibernation: Registered nosave memory: [mem 0x8f67e000-0x8f6acfff]
Sep 30 06:49:25 abhishek-kamal kernel: [    0.039344] PM: hibernation: Registered nosave memory: [mem 0x9148e000-0x9148efff]
Sep 30 06:49:25 abhishek-kamal kernel: [    0.039347] PM: hibernation: Registered nosave memory: [mem 0x97562000-0x9915efff]
Sep 30 06:49:25 abhishek-kamal kernel: [    0.039348] PM: hibernation: Registered nosave memory: [mem 0x9915f000-0x9928efff]
Sep 30 06:49:25 abhishek-kamal kernel: [    0.039349] PM: hibernation: Registered nosave memory: [mem 0x9928f000-0x9938efff]
Sep 30 06:49:25 abhishek-kamal kernel: [    0.039350] PM: hibernation: Registered nosave memory: [mem 0x9938f000-0x99c4dfff]
Sep 30 06:49:25 abhishek-kamal kernel: [    0.039352] PM: hibernation: Registered nosave memory: [mem 0x99c4f000-0x9f7fffff]
Sep 30 06:49:25 abhishek-kamal kernel: [    0.039353] PM: hibernation: Registered nosave memory: [mem 0x9f800000-0xdfffffff]
Sep 30 06:49:25 abhishek-kamal kernel: [    0.039354] PM: hibernation: Registered nosave memory: [mem 0xe0000000-0xefffffff]
Sep 30 06:49:25 abhishek-kamal kernel: [    0.039355] PM: hibernation: Registered nosave memory: [mem 0xf0000000-0xfdffffff]
Sep 30 06:49:25 abhishek-kamal kernel: [    0.039356] PM: hibernation: Registered nosave memory: [mem 0xfe000000-0xfe010fff]
Sep 30 06:49:25 abhishek-kamal kernel: [    0.039357] PM: hibernation: Registered nosave memory: [mem 0xfe011000-0xfebfffff]
Sep 30 06:49:25 abhishek-kamal kernel: [    0.039358] PM: hibernation: Registered nosave memory: [mem 0xfec00000-0xfec00fff]
Sep 30 06:49:25 abhishek-kamal kernel: [    0.039360] PM: hibernation: Registered nosave memory: [mem 0xfec01000-0xfecfffff]
Sep 30 06:49:25 abhishek-kamal kernel: [    0.039361] PM: hibernation: Registered nosave memory: [mem 0xfed00000-0xfed03fff]
Sep 30 06:49:25 abhishek-kamal kernel: [    0.039362] PM: hibernation: Registered nosave memory: [mem 0xfed04000-0xfedfffff]
Sep 30 06:49:25 abhishek-kamal kernel: [    0.039363] PM: hibernation: Registered nosave memory: [mem 0xfee00000-0xfee00fff]
Sep 30 06:49:25 abhishek-kamal kernel: [    0.039364] PM: hibernation: Registered nosave memory: [mem 0xfee01000-0xfeffffff]
Sep 30 06:49:25 abhishek-kamal kernel: [    0.039365] PM: hibernation: Registered nosave memory: [mem 0xff000000-0xffffffff]
Sep 30 06:49:25 abhishek-kamal kernel: [    0.039367] [mem 0x9f800000-0xdfffffff] available for PCI devices
Sep 30 06:49:25 abhishek-kamal kernel: [    0.039368] Booting paravirtualized kernel on bare hardware
Sep 30 06:49:25 abhishek-kamal kernel: [    0.039371] clocksource: refined-jiffies: mask: 0xffffffff max_cycles: 0xffffffff, max_idle_ns: 7645519600211568 ns
Sep 30 06:49:25 abhishek-kamal kernel: [    0.039379] setup_percpu: NR_CPUS:8192 nr_cpumask_bits:8 nr_cpu_ids:8 nr_node_ids:1
Sep 30 06:49:25 abhishek-kamal kernel: [    0.039582] percpu: Embedded 56 pages/cpu s192512 r8192 d28672 u262144
Sep 30 06:49:25 abhishek-kamal kernel: [    0.039591] pcpu-alloc: s192512 r8192 d28672 u262144 alloc=1*2097152
Sep 30 06:49:25 abhishek-kamal kernel: [    0.039594] pcpu-alloc: [0] 0 1 2 3 4 5 6 7 
Sep 30 06:49:25 abhishek-kamal kernel: [    0.039631] Built 1 zonelists, mobility grouping on.  Total pages: 2023281
Sep 30 06:49:25 abhishek-kamal kernel: [    0.039632] Policy zone: Normal
Sep 30 06:49:25 abhishek-kamal kernel: [    0.039634] Kernel command line: BOOT_IMAGE=/boot/vmlinuz-5.11.0-37-generic root=UUID=33840952-5a99-4518-99af-6856d0d7ca9a ro quiet splash vt.handoff=7
Sep 30 06:49:25 abhishek-kamal kernel: [    0.040197] Dentry cache hash table entries: 1048576 (order: 11, 8388608 bytes, linear)
Sep 30 06:49:25 abhishek-kamal kernel: [    0.040475] Inode-cache hash table entries: 524288 (order: 10, 4194304 bytes, linear)
Sep 30 06:49:25 abhishek-kamal kernel: [    0.040564] mem auto-init: stack:off, heap alloc:on, heap free:off
Sep 30 06:49:25 abhishek-kamal kernel: [    0.066586] Memory: 7728552K/8221700K available (16393K kernel code, 3477K rwdata, 10164K rodata, 2696K init, 5964K bss, 492888K reserved, 0K cma-reserved)
Sep 30 06:49:25 abhishek-kamal kernel: [    0.066594] random: get_random_u64 called from kmem_cache_open+0x23/0x230 with crng_init=1
Sep 30 06:49:25 abhishek-kamal kernel: [    0.066721] SLUB: HWalign=64, Order=0-3, MinObjects=0, CPUs=8, Nodes=1
Sep 30 06:49:25 abhishek-kamal kernel: [    0.066734] ftrace: allocating 51260 entries in 201 pages
Sep 30 06:49:25 abhishek-kamal kernel: [    0.086747] ftrace: allocated 201 pages with 4 groups
Sep 30 06:49:25 abhishek-kamal kernel: [    0.086861] rcu: Hierarchical RCU implementation.
Sep 30 06:49:25 abhishek-kamal kernel: [    0.086862] rcu: 	RCU restricting CPUs from NR_CPUS=8192 to nr_cpu_ids=8.
Sep 30 06:49:25 abhishek-kamal kernel: [    0.086864] 	Rude variant of Tasks RCU enabled.
Sep 30 06:49:25 abhishek-kamal kernel: [    0.086865] 	Tracing variant of Tasks RCU enabled.
Sep 30 06:49:25 abhishek-kamal kernel: [    0.086866] rcu: RCU calculated value of scheduler-enlistment delay is 25 jiffies.
Sep 30 06:49:25 abhishek-kamal kernel: [    0.086867] rcu: Adjusting geometry for rcu_fanout_leaf=16, nr_cpu_ids=8
Sep 30 06:49:25 abhishek-kamal kernel: [    0.091216] NR_IRQS: 524544, nr_irqs: 2048, preallocated irqs: 16
Sep 30 06:49:25 abhishek-kamal kernel: [    0.091757] random: crng done (trusting CPU's manufacturer)
Sep 30 06:49:25 abhishek-kamal kernel: [    0.091777] vt handoff: transparent VT on vt#7
Sep 30 06:49:25 abhishek-kamal kernel: [    0.091785] Console: colour dummy device 80x25
Sep 30 06:49:25 abhishek-kamal kernel: [    0.091808] printk: console [tty0] enabled
Sep 30 06:49:25 abhishek-kamal kernel: [    0.091825] ACPI: Core revision 20201113
Sep 30 06:49:25 abhishek-kamal kernel: [    0.092418] clocksource: hpet: mask: 0xffffffff max_cycles: 0xffffffff, max_idle_ns: 79635855245 ns
Sep 30 06:49:25 abhishek-kamal kernel: [    0.092562] APIC: Switch to symmetric I/O mode setup
Sep 30 06:49:25 abhishek-kamal kernel: [    0.092564] DMAR: Host address width 39
Sep 30 06:49:25 abhishek-kamal kernel: [    0.092565] DMAR: DRHD base: 0x000000fed90000 flags: 0x0
Sep 30 06:49:25 abhishek-kamal kernel: [    0.092571] DMAR: dmar0: reg_base_addr fed90000 ver 1:0 cap 1c0000c40660462 ecap 19e2ff0505e
Sep 30 06:49:25 abhishek-kamal kernel: [    0.092573] DMAR: DRHD base: 0x000000fed91000 flags: 0x1
Sep 30 06:49:25 abhishek-kamal kernel: [    0.092577] DMAR: dmar1: reg_base_addr fed91000 ver 1:0 cap d2008c40660462 ecap f050da
Sep 30 06:49:25 abhishek-kamal kernel: [    0.092579] DMAR: RMRR base: 0x00000099593000 end: 0x000000997dcfff
Sep 30 06:49:25 abhishek-kamal kernel: [    0.092583] DMAR: RMRR base: 0x0000009b000000 end: 0x0000009f7fffff
Sep 30 06:49:25 abhishek-kamal kernel: [    0.092585] DMAR-IR: IOAPIC id 2 under DRHD base  0xfed91000 IOMMU 1
Sep 30 06:49:25 abhishek-kamal kernel: [    0.092586] DMAR-IR: HPET id 0 under DRHD base 0xfed91000
Sep 30 06:49:25 abhishek-kamal kernel: [    0.092588] DMAR-IR: Queued invalidation will be enabled to support x2apic and Intr-remapping.
Sep 30 06:49:25 abhishek-kamal kernel: [    0.095841] DMAR-IR: Enabled IRQ remapping in x2apic mode
Sep 30 06:49:25 abhishek-kamal kernel: [    0.095843] x2apic enabled
Sep 30 06:49:25 abhishek-kamal kernel: [    0.095874] Switched APIC routing to cluster x2apic.
Sep 30 06:49:25 abhishek-kamal kernel: [    0.105115] ..TIMER: vector=0x30 apic1=0 pin1=2 apic2=-1 pin2=-1
Sep 30 06:49:25 abhishek-kamal kernel: [    0.124462] clocksource: tsc-early: mask: 0xffffffffffffffff max_cycles: 0x24090c9bc00, max_idle_ns: 440795288559 ns
Sep 30 06:49:25 abhishek-kamal kernel: [    0.124468] Calibrating delay loop (skipped), value calculated using timer frequency.. 4999.90 BogoMIPS (lpj=9999808)
Sep 30 06:49:25 abhishek-kamal kernel: [    0.124472] pid_max: default: 32768 minimum: 301
Sep 30 06:49:25 abhishek-kamal kernel: [    0.130276] LSM: Security Framework initializing
Sep 30 06:49:25 abhishek-kamal kernel: [    0.130285] Yama: becoming mindful.
Sep 30 06:49:25 abhishek-kamal kernel: [    0.130310] AppArmor: AppArmor initialized
Sep 30 06:49:25 abhishek-kamal kernel: [    0.130359] Mount-cache hash table entries: 16384 (order: 5, 131072 bytes, linear)
Sep 30 06:49:25 abhishek-kamal kernel: [    0.130376] Mountpoint-cache hash table entries: 16384 (order: 5, 131072 bytes, linear)
Sep 30 06:49:25 abhishek-kamal kernel: [    0.130650] x86/cpu: SGX disabled by BIOS
Sep 30 06:49:25 abhishek-kamal kernel: [    0.130670] mce: CPU0: Thermal monitoring enabled (TM1)
Sep 30 06:49:25 abhishek-kamal kernel: [    0.130695] process: using mwait in idle threads
Sep 30 06:49:25 abhishek-kamal kernel: [    0.130698] Last level iTLB entries: 4KB 64, 2MB 8, 4MB 8
Sep 30 06:49:25 abhishek-kamal kernel: [    0.130699] Last level dTLB entries: 4KB 64, 2MB 0, 4MB 0, 1GB 4
Sep 30 06:49:25 abhishek-kamal kernel: [    0.130703] Spectre V1 : Mitigation: usercopy/swapgs barriers and __user pointer sanitization
Sep 30 06:49:25 abhishek-kamal kernel: [    0.130705] Spectre V2 : Mitigation: Enhanced IBRS
Sep 30 06:49:25 abhishek-kamal kernel: [    0.130705] Spectre V2 : Spectre v2 / SpectreRSB mitigation: Filling RSB on context switch
Sep 30 06:49:25 abhishek-kamal kernel: [    0.130707] Spectre V2 : mitigation: Enabling conditional Indirect Branch Prediction Barrier
Sep 30 06:49:25 abhishek-kamal kernel: [    0.130709] Speculative Store Bypass: Mitigation: Speculative Store Bypass disabled via prctl and seccomp
Sep 30 06:49:25 abhishek-kamal kernel: [    0.130960] Freeing SMP alternatives memory: 40K
Sep 30 06:49:25 abhishek-kamal kernel: [    0.133740] smpboot: Estimated ratio of average max frequency by base frequency (times 1024): 1720
Sep 30 06:49:25 abhishek-kamal kernel: [    0.133767] smpboot: CPU0: Intel(R) Core(TM) i5-10300H CPU @ 2.50GHz (family: 0x6, model: 0xa5, stepping: 0x2)
Sep 30 06:49:25 abhishek-kamal kernel: [    0.133891] Performance Events: PEBS fmt3+, Skylake events, 32-deep LBR, full-width counters, Intel PMU driver.
Sep 30 06:49:25 abhishek-kamal kernel: [    0.133903] ... version:                4
Sep 30 06:49:25 abhishek-kamal kernel: [    0.133903] ... bit width:              48
Sep 30 06:49:25 abhishek-kamal kernel: [    0.133904] ... generic registers:      4
Sep 30 06:49:25 abhishek-kamal kernel: [    0.133905] ... value mask:             0000ffffffffffff
Sep 30 06:49:25 abhishek-kamal kernel: [    0.133906] ... max period:             00007fffffffffff
Sep 30 06:49:25 abhishek-kamal kernel: [    0.133907] ... fixed-purpose events:   3
Sep 30 06:49:25 abhishek-kamal kernel: [    0.133908] ... event mask:             000000070000000f
Sep 30 06:49:25 abhishek-kamal kernel: [    0.134006] rcu: Hierarchical SRCU implementation.
Sep 30 06:49:25 abhishek-kamal kernel: [    0.134781] NMI watchdog: Enabled. Permanently consumes one hw-PMU counter.
Sep 30 06:49:25 abhishek-kamal kernel: [    0.134857] smp: Bringing up secondary CPUs ...
Sep 30 06:49:25 abhishek-kamal kernel: [    0.134948] x86: Booting SMP configuration:
Sep 30 06:49:25 abhishek-kamal kernel: [    0.134950] .... node  #0, CPUs:      #1 #2 #3 #4 #5 #6 #7
Sep 30 06:49:25 abhishek-kamal kernel: [    0.141234] smp: Brought up 1 node, 8 CPUs
Sep 30 06:49:25 abhishek-kamal kernel: [    0.141234] smpboot: Max logical packages: 1
Sep 30 06:49:25 abhishek-kamal kernel: [    0.141234] smpboot: Total of 8 processors activated (39999.23 BogoMIPS)
Sep 30 06:49:25 abhishek-kamal kernel: [    0.144817] devtmpfs: initialized
Sep 30 06:49:25 abhishek-kamal kernel: [    0.144817] x86/mm: Memory block size: 128MB
Sep 30 06:49:25 abhishek-kamal kernel: [    0.145141] PM: Registering ACPI NVS region [mem 0x9928f000-0x9938efff] (1048576 bytes)
Sep 30 06:49:25 abhishek-kamal kernel: [    0.145141] clocksource: jiffies: mask: 0xffffffff max_cycles: 0xffffffff, max_idle_ns: 7645041785100000 ns
Sep 30 06:49:25 abhishek-kamal kernel: [    0.145141] futex hash table entries: 2048 (order: 5, 131072 bytes, linear)
Sep 30 06:49:25 abhishek-kamal kernel: [    0.145141] pinctrl core: initialized pinctrl subsystem
Sep 30 06:49:25 abhishek-kamal kernel: [    0.145141] PM: RTC time: 01:19:21, date: 2021-09-30
Sep 30 06:49:25 abhishek-kamal kernel: [    0.145141] NET: Registered protocol family 16
Sep 30 06:49:25 abhishek-kamal kernel: [    0.145305] DMA: preallocated 1024 KiB GFP_KERNEL pool for atomic allocations
Sep 30 06:49:25 abhishek-kamal kernel: [    0.145379] DMA: preallocated 1024 KiB GFP_KERNEL|GFP_DMA pool for atomic allocations
Sep 30 06:49:25 abhishek-kamal kernel: [    0.145453] DMA: preallocated 1024 KiB GFP_KERNEL|GFP_DMA32 pool for atomic allocations
Sep 30 06:49:25 abhishek-kamal kernel: [    0.145460] audit: initializing netlink subsys (disabled)
Sep 30 06:49:25 abhishek-kamal kernel: [    0.145466] audit: type=2000 audit(1632964761.044:1): state=initialized audit_enabled=0 res=1
Sep 30 06:49:25 abhishek-kamal kernel: [    0.145466] thermal_sys: Registered thermal governor 'fair_share'
Sep 30 06:49:25 abhishek-kamal kernel: [    0.145466] thermal_sys: Registered thermal governor 'bang_bang'
Sep 30 06:49:25 abhishek-kamal kernel: [    0.145466] thermal_sys: Registered thermal governor 'step_wise'
Sep 30 06:49:25 abhishek-kamal kernel: [    0.145466] thermal_sys: Registered thermal governor 'user_space'
Sep 30 06:49:25 abhishek-kamal kernel: [    0.145466] thermal_sys: Registered thermal governor 'power_allocator'
Sep 30 06:49:25 abhishek-kamal kernel: [    0.145466] EISA bus registered
Sep 30 06:49:25 abhishek-kamal kernel: [    0.145466] cpuidle: using governor ladder
Sep 30 06:49:25 abhishek-kamal kernel: [    0.145466] cpuidle: using governor menu
Sep 30 06:49:25 abhishek-kamal kernel: [    0.145466] ACPI FADT declares the system doesn't support PCIe ASPM, so disable it
Sep 30 06:49:25 abhishek-kamal kernel: [    0.145466] ACPI: bus type PCI registered
Sep 30 06:49:25 abhishek-kamal kernel: [    0.145466] acpiphp: ACPI Hot Plug PCI Controller Driver version: 0.5
Sep 30 06:49:25 abhishek-kamal kernel: [    0.145466] PCI: MMCONFIG for domain 0000 [bus 00-ff] at [mem 0xe0000000-0xefffffff] (base 0xe0000000)
Sep 30 06:49:25 abhishek-kamal kernel: [    0.145466] PCI: MMCONFIG at [mem 0xe0000000-0xefffffff] reserved in E820
Sep 30 06:49:25 abhishek-kamal kernel: [    0.145466] PCI: Using configuration type 1 for base access
Sep 30 06:49:25 abhishek-kamal kernel: [    0.145466] ENERGY_PERF_BIAS: Set to 'normal', was 'performance'
Sep 30 06:49:25 abhishek-kamal kernel: [    0.148618] Kprobes globally optimized
Sep 30 06:49:25 abhishek-kamal kernel: [    0.148622] HugeTLB registered 1.00 GiB page size, pre-allocated 0 pages
Sep 30 06:49:25 abhishek-kamal kernel: [    0.148622] HugeTLB registered 2.00 MiB page size, pre-allocated 0 pages
Sep 30 06:49:25 abhishek-kamal kernel: [    0.148622] ACPI: Added _OSI(Module Device)
Sep 30 06:49:25 abhishek-kamal kernel: [    0.148622] ACPI: Added _OSI(Processor Device)
Sep 30 06:49:25 abhishek-kamal kernel: [    0.148622] ACPI: Added _OSI(3.0 _SCP Extensions)
Sep 30 06:49:25 abhishek-kamal kernel: [    0.148622] ACPI: Added _OSI(Processor Aggregator Device)
Sep 30 06:49:25 abhishek-kamal kernel: [    0.148622] ACPI: Added _OSI(Linux-Dell-Video)
Sep 30 06:49:25 abhishek-kamal kernel: [    0.148622] ACPI: Added _OSI(Linux-Lenovo-NV-HDMI-Audio)
Sep 30 06:49:25 abhishek-kamal kernel: [    0.148622] ACPI: Added _OSI(Linux-HPI-Hybrid-Graphics)
Sep 30 06:49:25 abhishek-kamal kernel: [    0.205183] ACPI BIOS Error (bug): Could not resolve symbol [\_SB.PCI0.LPCB.HEC], AE_NOT_FOUND (20201113/dswload2-162)
Sep 30 06:49:25 abhishek-kamal kernel: [    0.205193] ACPI Error: AE_NOT_FOUND, During name lookup/catalog (20201113/psobject-220)
Sep 30 06:49:25 abhishek-kamal kernel: [    0.205196] ACPI: Skipping parse of AML opcode: Scope (0x0010)
Sep 30 06:49:25 abhishek-kamal kernel: [    0.205335] ACPI BIOS Error (bug): Failure creating named object [\_SB.BAT1], AE_ALREADY_EXISTS (20201113/dswload2-326)
Sep 30 06:49:25 abhishek-kamal kernel: [    0.205339] ACPI Error: AE_ALREADY_EXISTS, During name lookup/catalog (20201113/psobject-220)
Sep 30 06:49:25 abhishek-kamal kernel: [    0.205342] ACPI: Skipping parse of AML opcode: Device (0x5B82)
Sep 30 06:49:25 abhishek-kamal kernel: [    0.219107] ACPI BIOS Error (bug): Failure creating named object [\_TZ.ETMD], AE_ALREADY_EXISTS (20201113/dswload2-326)
Sep 30 06:49:25 abhishek-kamal kernel: [    0.219113] ACPI Error: AE_ALREADY_EXISTS, During name lookup/catalog (20201113/psobject-220)
Sep 30 06:49:25 abhishek-kamal kernel: [    0.219817] ACPI BIOS Error (bug): Failure creating named object [\_SB.PCI0.XHC.RHUB.GPLD], AE_ALREADY_EXISTS (20201113/dswload2-326)
Sep 30 06:49:25 abhishek-kamal kernel: [    0.219823] ACPI Error: AE_ALREADY_EXISTS, During name lookup/catalog (20201113/psobject-220)
Sep 30 06:49:25 abhishek-kamal kernel: [    0.219826] ACPI: Skipping parse of AML opcode: Method (0x0014)
Sep 30 06:49:25 abhishek-kamal kernel: [    0.219828] ACPI BIOS Error (bug): Failure creating named object [\_SB.PCI0.XHC.RHUB.TPLD], AE_ALREADY_EXISTS (20201113/dswload2-326)
Sep 30 06:49:25 abhishek-kamal kernel: [    0.219832] ACPI Error: AE_ALREADY_EXISTS, During name lookup/catalog (20201113/psobject-220)
Sep 30 06:49:25 abhishek-kamal kernel: [    0.219835] ACPI: Skipping parse of AML opcode: Method (0x0014)
Sep 30 06:49:25 abhishek-kamal kernel: [    0.219838] ACPI BIOS Error (bug): Failure creating named object [\_SB.PCI0.XHC.RHUB.GUPC], AE_ALREADY_EXISTS (20201113/dswload2-326)
Sep 30 06:49:25 abhishek-kamal kernel: [    0.219841] ACPI Error: AE_ALREADY_EXISTS, During name lookup/catalog (20201113/psobject-220)
Sep 30 06:49:25 abhishek-kamal kernel: [    0.219844] ACPI: Skipping parse of AML opcode: Method (0x0014)
Sep 30 06:49:25 abhishek-kamal kernel: [    0.219846] ACPI BIOS Error (bug): Failure creating named object [\_SB.PCI0.XHC.RHUB.TUPC], AE_ALREADY_EXISTS (20201113/dswload2-326)
Sep 30 06:49:25 abhishek-kamal kernel: [    0.219850] ACPI Error: AE_ALREADY_EXISTS, During name lookup/catalog (20201113/psobject-220)
Sep 30 06:49:25 abhishek-kamal kernel: [    0.219852] ACPI: Skipping parse of AML opcode: Method (0x0014)
Sep 30 06:49:25 abhishek-kamal kernel: [    0.219887] ACPI BIOS Error (bug): Failure creating named object [\_SB.PCI0.XHC.RHUB.HS01._UPC], AE_ALREADY_EXISTS (20201113/dswload2-326)
Sep 30 06:49:25 abhishek-kamal kernel: [    0.219892] ACPI Error: AE_ALREADY_EXISTS, During name lookup/catalog (20201113/psobject-220)
Sep 30 06:49:25 abhishek-kamal kernel: [    0.219894] ACPI: Skipping parse of AML opcode: Method (0x0014)
Sep 30 06:49:25 abhishek-kamal kernel: [    0.219897] ACPI BIOS Error (bug): Failure creating named object [\_SB.PCI0.XHC.RHUB.HS01._PLD], AE_ALREADY_EXISTS (20201113/dswload2-326)
Sep 30 06:49:25 abhishek-kamal kernel: [    0.219901] ACPI Error: AE_ALREADY_EXISTS, During name lookup/catalog (20201113/psobject-220)
Sep 30 06:49:25 abhishek-kamal kernel: [    0.219903] ACPI: Skipping parse of AML opcode: Method (0x0014)
Sep 30 06:49:25 abhishek-kamal kernel: [    0.221772] ACPI BIOS Error (bug): Failure creating named object [\_SB.PCI0.XHC.RHUB.HS02._UPC], AE_ALREADY_EXISTS (20201113/dswload2-326)
Sep 30 06:49:25 abhishek-kamal kernel: [    0.221777] ACPI Error: AE_ALREADY_EXISTS, During name lookup/catalog (20201113/psobject-220)
Sep 30 06:49:25 abhishek-kamal kernel: [    0.221780] ACPI: Skipping parse of AML opcode: Method (0x0014)
Sep 30 06:49:25 abhishek-kamal kernel: [    0.221783] ACPI BIOS Error (bug): Failure creating named object [\_SB.PCI0.XHC.RHUB.HS02._PLD], AE_ALREADY_EXISTS (20201113/dswload2-326)
Sep 30 06:49:25 abhishek-kamal kernel: [    0.221787] ACPI Error: AE_ALREADY_EXISTS, During name lookup/catalog (20201113/psobject-220)
Sep 30 06:49:25 abhishek-kamal kernel: [    0.221789] ACPI: Skipping parse of AML opcode: Method (0x0014)
Sep 30 06:49:25 abhishek-kamal kernel: [    0.223638] ACPI BIOS Error (bug): Failure creating named object [\_SB.PCI0.XHC.RHUB.HS03._UPC], AE_ALREADY_EXISTS (20201113/dswload2-326)
Sep 30 06:49:25 abhishek-kamal kernel: [    0.223643] ACPI Error: AE_ALREADY_EXISTS, During name lookup/catalog (20201113/psobject-220)
Sep 30 06:49:25 abhishek-kamal kernel: [    0.223646] ACPI: Skipping parse of AML opcode: Method (0x0014)
Sep 30 06:49:25 abhishek-kamal kernel: [    0.223648] ACPI BIOS Error (bug): Failure creating named object [\_SB.PCI0.XHC.RHUB.HS03._PLD], AE_ALREADY_EXISTS (20201113/dswload2-326)
Sep 30 06:49:25 abhishek-kamal kernel: [    0.223652] ACPI Error: AE_ALREADY_EXISTS, During name lookup/catalog (20201113/psobject-220)
Sep 30 06:49:25 abhishek-kamal kernel: [    0.223655] ACPI: Skipping parse of AML opcode: Method (0x0014)
Sep 30 06:49:25 abhishek-kamal kernel: [    0.225505] ACPI BIOS Error (bug): Failure creating named object [\_SB.PCI0.XHC.RHUB.HS04._UPC], AE_ALREADY_EXISTS (20201113/dswload2-326)
Sep 30 06:49:25 abhishek-kamal kernel: [    0.225511] ACPI Error: AE_ALREADY_EXISTS, During name lookup/catalog (20201113/psobject-220)
Sep 30 06:49:25 abhishek-kamal kernel: [    0.225513] ACPI: Skipping parse of AML opcode: Method (0x0014)
Sep 30 06:49:25 abhishek-kamal kernel: [    0.225516] ACPI BIOS Error (bug): Failure creating named object [\_SB.PCI0.XHC.RHUB.HS04._PLD], AE_ALREADY_EXISTS (20201113/dswload2-326)
Sep 30 06:49:25 abhishek-kamal kernel: [    0.225520] ACPI Error: AE_ALREADY_EXISTS, During name lookup/catalog (20201113/psobject-220)
Sep 30 06:49:25 abhishek-kamal kernel: [    0.225522] ACPI: Skipping parse of AML opcode: Method (0x0014)
Sep 30 06:49:25 abhishek-kamal kernel: [    0.227368] ACPI BIOS Error (bug): Failure creating named object [\_SB.PCI0.XHC.RHUB.HS05._UPC], AE_ALREADY_EXISTS (20201113/dswload2-326)
Sep 30 06:49:25 abhishek-kamal kernel: [    0.227373] ACPI Error: AE_ALREADY_EXISTS, During name lookup/catalog (20201113/psobject-220)
Sep 30 06:49:25 abhishek-kamal kernel: [    0.227375] ACPI: Skipping parse of AML opcode: Method (0x0014)
Sep 30 06:49:25 abhishek-kamal kernel: [    0.227378] ACPI BIOS Error (bug): Failure creating named object [\_SB.PCI0.XHC.RHUB.HS05._PLD], AE_ALREADY_EXISTS (20201113/dswload2-326)
Sep 30 06:49:25 abhishek-kamal kernel: [    0.227382] ACPI Error: AE_ALREADY_EXISTS, During name lookup/catalog (20201113/psobject-220)
Sep 30 06:49:25 abhishek-kamal kernel: [    0.227384] ACPI: Skipping parse of AML opcode: Method (0x0014)
Sep 30 06:49:25 abhishek-kamal kernel: [    0.229234] ACPI BIOS Error (bug): Failure creating named object [\_SB.PCI0.XHC.RHUB.HS06._UPC], AE_ALREADY_EXISTS (20201113/dswload2-326)
Sep 30 06:49:25 abhishek-kamal kernel: [    0.229240] ACPI Error: AE_ALREADY_EXISTS, During name lookup/catalog (20201113/psobject-220)
Sep 30 06:49:25 abhishek-kamal kernel: [    0.229242] ACPI: Skipping parse of AML opcode: Method (0x0014)
Sep 30 06:49:25 abhishek-kamal kernel: [    0.229245] ACPI BIOS Error (bug): Failure creating named object [\_SB.PCI0.XHC.RHUB.HS06._PLD], AE_ALREADY_EXISTS (20201113/dswload2-326)
Sep 30 06:49:25 abhishek-kamal kernel: [    0.229249] ACPI Error: AE_ALREADY_EXISTS, During name lookup/catalog (20201113/psobject-220)
Sep 30 06:49:25 abhishek-kamal kernel: [    0.229251] ACPI: Skipping parse of AML opcode: Method (0x0014)
Sep 30 06:49:25 abhishek-kamal kernel: [    0.231096] ACPI BIOS Error (bug): Failure creating named object [\_SB.PCI0.XHC.RHUB.HS07._UPC], AE_ALREADY_EXISTS (20201113/dswload2-326)
Sep 30 06:49:25 abhishek-kamal kernel: [    0.231101] ACPI Error: AE_ALREADY_EXISTS, During name lookup/catalog (20201113/psobject-220)
Sep 30 06:49:25 abhishek-kamal kernel: [    0.231104] ACPI: Skipping parse of AML opcode: Method (0x0014)
Sep 30 06:49:25 abhishek-kamal kernel: [    0.231106] ACPI BIOS Error (bug): Failure creating named object [\_SB.PCI0.XHC.RHUB.HS07._PLD], AE_ALREADY_EXISTS (20201113/dswload2-326)
Sep 30 06:49:25 abhishek-kamal kernel: [    0.231110] ACPI Error: AE_ALREADY_EXISTS, During name lookup/catalog (20201113/psobject-220)
Sep 30 06:49:25 abhishek-kamal kernel: [    0.231113] ACPI: Skipping parse of AML opcode: Method (0x0014)
Sep 30 06:49:25 abhishek-kamal kernel: [    0.232961] ACPI BIOS Error (bug): Failure creating named object [\_SB.PCI0.XHC.RHUB.HS08._UPC], AE_ALREADY_EXISTS (20201113/dswload2-326)
Sep 30 06:49:25 abhishek-kamal kernel: [    0.232966] ACPI Error: AE_ALREADY_EXISTS, During name lookup/catalog (20201113/psobject-220)
Sep 30 06:49:25 abhishek-kamal kernel: [    0.232969] ACPI: Skipping parse of AML opcode: Method (0x0014)
Sep 30 06:49:25 abhishek-kamal kernel: [    0.232971] ACPI BIOS Error (bug): Failure creating named object [\_SB.PCI0.XHC.RHUB.HS08._PLD], AE_ALREADY_EXISTS (20201113/dswload2-326)
Sep 30 06:49:25 abhishek-kamal kernel: [    0.232975] ACPI Error: AE_ALREADY_EXISTS, During name lookup/catalog (20201113/psobject-220)
Sep 30 06:49:25 abhishek-kamal kernel: [    0.232978] ACPI: Skipping parse of AML opcode: Method (0x0014)
Sep 30 06:49:25 abhishek-kamal kernel: [    0.234823] ACPI BIOS Error (bug): Failure creating named object [\_SB.PCI0.XHC.RHUB.HS09._UPC], AE_ALREADY_EXISTS (20201113/dswload2-326)
Sep 30 06:49:25 abhishek-kamal kernel: [    0.234828] ACPI Error: AE_ALREADY_EXISTS, During name lookup/catalog (20201113/psobject-220)
Sep 30 06:49:25 abhishek-kamal kernel: [    0.234831] ACPI: Skipping parse of AML opcode: Method (0x0014)
Sep 30 06:49:25 abhishek-kamal kernel: [    0.234833] ACPI BIOS Error (bug): Failure creating named object [\_SB.PCI0.XHC.RHUB.HS09._PLD], AE_ALREADY_EXISTS (20201113/dswload2-326)
Sep 30 06:49:25 abhishek-kamal kernel: [    0.234837] ACPI Error: AE_ALREADY_EXISTS, During name lookup/catalog (20201113/psobject-220)
Sep 30 06:49:25 abhishek-kamal kernel: [    0.234840] ACPI: Skipping parse of AML opcode: Method (0x0014)
Sep 30 06:49:25 abhishek-kamal kernel: [    0.236688] ACPI BIOS Error (bug): Failure creating named object [\_SB.PCI0.XHC.RHUB.HS10._UPC], AE_ALREADY_EXISTS (20201113/dswload2-326)
Sep 30 06:49:25 abhishek-kamal kernel: [    0.236693] ACPI Error: AE_ALREADY_EXISTS, During name lookup/catalog (20201113/psobject-220)
Sep 30 06:49:25 abhishek-kamal kernel: [    0.236696] ACPI: Skipping parse of AML opcode: Method (0x0014)
Sep 30 06:49:25 abhishek-kamal kernel: [    0.236698] ACPI BIOS Error (bug): Failure creating named object [\_SB.PCI0.XHC.RHUB.HS10._PLD], AE_ALREADY_EXISTS (20201113/dswload2-326)
Sep 30 06:49:25 abhishek-kamal kernel: [    0.236702] ACPI Error: AE_ALREADY_EXISTS, During name lookup/catalog (20201113/psobject-220)
Sep 30 06:49:25 abhishek-kamal kernel: [    0.236705] ACPI: Skipping parse of AML opcode: Method (0x0014)
Sep 30 06:49:25 abhishek-kamal kernel: [    0.238551] ACPI BIOS Error (bug): Failure creating named object [\_SB.PCI0.XHC.RHUB.HS11._UPC], AE_ALREADY_EXISTS (20201113/dswload2-326)
Sep 30 06:49:25 abhishek-kamal kernel: [    0.238556] ACPI Error: AE_ALREADY_EXISTS, During name lookup/catalog (20201113/psobject-220)
Sep 30 06:49:25 abhishek-kamal kernel: [    0.238558] ACPI: Skipping parse of AML opcode: Method (0x0014)
Sep 30 06:49:25 abhishek-kamal kernel: [    0.238561] ACPI BIOS Error (bug): Failure creating named object [\_SB.PCI0.XHC.RHUB.HS11._PLD], AE_ALREADY_EXISTS (20201113/dswload2-326)
Sep 30 06:49:25 abhishek-kamal kernel: [    0.238564] ACPI Error: AE_ALREADY_EXISTS, During name lookup/catalog (20201113/psobject-220)
Sep 30 06:49:25 abhishek-kamal kernel: [    0.238567] ACPI: Skipping parse of AML opcode: Method (0x0014)
Sep 30 06:49:25 abhishek-kamal kernel: [    0.240412] ACPI BIOS Error (bug): Failure creating named object [\_SB.PCI0.XHC.RHUB.HS12._UPC], AE_ALREADY_EXISTS (20201113/dswload2-326)
Sep 30 06:49:25 abhishek-kamal kernel: [    0.240417] ACPI Error: AE_ALREADY_EXISTS, During name lookup/catalog (20201113/psobject-220)
Sep 30 06:49:25 abhishek-kamal kernel: [    0.240420] ACPI: Skipping parse of AML opcode: Method (0x0014)
Sep 30 06:49:25 abhishek-kamal kernel: [    0.240422] ACPI BIOS Error (bug): Failure creating named object [\_SB.PCI0.XHC.RHUB.HS12._PLD], AE_ALREADY_EXISTS (20201113/dswload2-326)
Sep 30 06:49:25 abhishek-kamal kernel: [    0.240426] ACPI Error: AE_ALREADY_EXISTS, During name lookup/catalog (20201113/psobject-220)
Sep 30 06:49:25 abhishek-kamal kernel: [    0.240429] ACPI: Skipping parse of AML opcode: Method (0x0014)
Sep 30 06:49:25 abhishek-kamal kernel: [    0.242277] ACPI BIOS Error (bug): Failure creating named object [\_SB.PCI0.XHC.RHUB.HS13._UPC], AE_ALREADY_EXISTS (20201113/dswload2-326)
Sep 30 06:49:25 abhishek-kamal kernel: [    0.242282] ACPI Error: AE_ALREADY_EXISTS, During name lookup/catalog (20201113/psobject-220)
Sep 30 06:49:25 abhishek-kamal kernel: [    0.242284] ACPI: Skipping parse of AML opcode: Method (0x0014)
Sep 30 06:49:25 abhishek-kamal kernel: [    0.242287] ACPI BIOS Error (bug): Failure creating named object [\_SB.PCI0.XHC.RHUB.HS13._PLD], AE_ALREADY_EXISTS (20201113/dswload2-326)
Sep 30 06:49:25 abhishek-kamal kernel: [    0.242291] ACPI Error: AE_ALREADY_EXISTS, During name lookup/catalog (20201113/psobject-220)
Sep 30 06:49:25 abhishek-kamal kernel: [    0.242293] ACPI: Skipping parse of AML opcode: Method (0x0014)
Sep 30 06:49:25 abhishek-kamal kernel: [    0.244138] ACPI BIOS Error (bug): Failure creating named object [\_SB.PCI0.XHC.RHUB.HS14._UPC], AE_ALREADY_EXISTS (20201113/dswload2-326)
Sep 30 06:49:25 abhishek-kamal kernel: [    0.244142] ACPI Error: AE_ALREADY_EXISTS, During name lookup/catalog (20201113/psobject-220)
Sep 30 06:49:25 abhishek-kamal kernel: [    0.244145] ACPI: Skipping parse of AML opcode: Method (0x0014)
Sep 30 06:49:25 abhishek-kamal kernel: [    0.244147] ACPI BIOS Error (bug): Failure creating named object [\_SB.PCI0.XHC.RHUB.HS14._PLD], AE_ALREADY_EXISTS (20201113/dswload2-326)
Sep 30 06:49:25 abhishek-kamal kernel: [    0.244151] ACPI Error: AE_ALREADY_EXISTS, During name lookup/catalog (20201113/psobject-220)
Sep 30 06:49:25 abhishek-kamal kernel: [    0.244154] ACPI: Skipping parse of AML opcode: Method (0x0014)
Sep 30 06:49:25 abhishek-kamal kernel: [    0.246032] ACPI BIOS Error (bug): Failure creating named object [\_SB.PCI0.XHC.RHUB.USR1._UPC], AE_ALREADY_EXISTS (20201113/dswload2-326)
Sep 30 06:49:25 abhishek-kamal kernel: [    0.246037] ACPI Error: AE_ALREADY_EXISTS, During name lookup/catalog (20201113/psobject-220)
Sep 30 06:49:25 abhishek-kamal kernel: [    0.246040] ACPI: Skipping parse of AML opcode: Method (0x0014)
Sep 30 06:49:25 abhishek-kamal kernel: [    0.246042] ACPI BIOS Error (bug): Failure creating named object [\_SB.PCI0.XHC.RHUB.USR1._PLD], AE_ALREADY_EXISTS (20201113/dswload2-326)
Sep 30 06:49:25 abhishek-kamal kernel: [    0.246046] ACPI Error: AE_ALREADY_EXISTS, During name lookup/catalog (20201113/psobject-220)
Sep 30 06:49:25 abhishek-kamal kernel: [    0.246049] ACPI: Skipping parse of AML opcode: Method (0x0014)
Sep 30 06:49:25 abhishek-kamal kernel: [    0.246053] ACPI BIOS Error (bug): Failure creating named object [\_SB.PCI0.XHC.RHUB.USR2._UPC], AE_ALREADY_EXISTS (20201113/dswload2-326)
Sep 30 06:49:25 abhishek-kamal kernel: [    0.246057] ACPI Error: AE_ALREADY_EXISTS, During name lookup/catalog (20201113/psobject-220)
Sep 30 06:49:25 abhishek-kamal kernel: [    0.246059] ACPI: Skipping parse of AML opcode: Method (0x0014)
Sep 30 06:49:25 abhishek-kamal kernel: [    0.246062] ACPI BIOS Error (bug): Failure creating named object [\_SB.PCI0.XHC.RHUB.USR2._PLD], AE_ALREADY_EXISTS (20201113/dswload2-326)
Sep 30 06:49:25 abhishek-kamal kernel: [    0.246065] ACPI Error: AE_ALREADY_EXISTS, During name lookup/catalog (20201113/psobject-220)
Sep 30 06:49:25 abhishek-kamal kernel: [    0.246068] ACPI: Skipping parse of AML opcode: Method (0x0014)
Sep 30 06:49:25 abhishek-kamal kernel: [    0.246108] ACPI BIOS Error (bug): Failure creating named object [\_SB.PCI0.XHC.RHUB.SS01._UPC], AE_ALREADY_EXISTS (20201113/dswload2-326)
Sep 30 06:49:25 abhishek-kamal kernel: [    0.246112] ACPI Error: AE_ALREADY_EXISTS, During name lookup/catalog (20201113/psobject-220)
Sep 30 06:49:25 abhishek-kamal kernel: [    0.246115] ACPI: Skipping parse of AML opcode: Method (0x0014)
Sep 30 06:49:25 abhishek-kamal kernel: [    0.246117] ACPI BIOS Error (bug): Failure creating named object [\_SB.PCI0.XHC.RHUB.SS01._PLD], AE_ALREADY_EXISTS (20201113/dswload2-326)
Sep 30 06:49:25 abhishek-kamal kernel: [    0.246121] ACPI Error: AE_ALREADY_EXISTS, During name lookup/catalog (20201113/psobject-220)
Sep 30 06:49:25 abhishek-kamal kernel: [    0.246124] ACPI: Skipping parse of AML opcode: Method (0x0014)
Sep 30 06:49:25 abhishek-kamal kernel: [    0.246163] ACPI BIOS Error (bug): Failure creating named object [\_SB.PCI0.XHC.RHUB.SS02._UPC], AE_ALREADY_EXISTS (20201113/dswload2-326)
Sep 30 06:49:25 abhishek-kamal kernel: [    0.246167] ACPI Error: AE_ALREADY_EXISTS, During name lookup/catalog (20201113/psobject-220)
Sep 30 06:49:25 abhishek-kamal kernel: [    0.246170] ACPI: Skipping parse of AML opcode: Method (0x0014)
Sep 30 06:49:25 abhishek-kamal kernel: [    0.246172] ACPI BIOS Error (bug): Failure creating named object [\_SB.PCI0.XHC.RHUB.SS02._PLD], AE_ALREADY_EXISTS (20201113/dswload2-326)
Sep 30 06:49:25 abhishek-kamal kernel: [    0.246176] ACPI Error: AE_ALREADY_EXISTS, During name lookup/catalog (20201113/psobject-220)
Sep 30 06:49:25 abhishek-kamal kernel: [    0.246178] ACPI: Skipping parse of AML opcode: Method (0x0014)
Sep 30 06:49:25 abhishek-kamal kernel: [    0.246217] ACPI BIOS Error (bug): Failure creating named object [\_SB.PCI0.XHC.RHUB.SS03._UPC], AE_ALREADY_EXISTS (20201113/dswload2-326)
Sep 30 06:49:25 abhishek-kamal kernel: [    0.246222] ACPI Error: AE_ALREADY_EXISTS, During name lookup/catalog (20201113/psobject-220)
Sep 30 06:49:25 abhishek-kamal kernel: [    0.246224] ACPI: Skipping parse of AML opcode: Method (0x0014)
Sep 30 06:49:25 abhishek-kamal kernel: [    0.246227] ACPI BIOS Error (bug): Failure creating named object [\_SB.PCI0.XHC.RHUB.SS03._PLD], AE_ALREADY_EXISTS (20201113/dswload2-326)
Sep 30 06:49:25 abhishek-kamal kernel: [    0.246230] ACPI Error: AE_ALREADY_EXISTS, During name lookup/catalog (20201113/psobject-220)
Sep 30 06:49:25 abhishek-kamal kernel: [    0.246233] ACPI: Skipping parse of AML opcode: Method (0x0014)
Sep 30 06:49:25 abhishek-kamal kernel: [    0.246272] ACPI BIOS Error (bug): Failure creating named object [\_SB.PCI0.XHC.RHUB.SS04._UPC], AE_ALREADY_EXISTS (20201113/dswload2-326)
Sep 30 06:49:25 abhishek-kamal kernel: [    0.246276] ACPI Error: AE_ALREADY_EXISTS, During name lookup/catalog (20201113/psobject-220)
Sep 30 06:49:25 abhishek-kamal kernel: [    0.246278] ACPI: Skipping parse of AML opcode: Method (0x0014)
Sep 30 06:49:25 abhishek-kamal kernel: [    0.246281] ACPI BIOS Error (bug): Failure creating named object [\_SB.PCI0.XHC.RHUB.SS04._PLD], AE_ALREADY_EXISTS (20201113/dswload2-326)
Sep 30 06:49:25 abhishek-kamal kernel: [    0.246284] ACPI Error: AE_ALREADY_EXISTS, During name lookup/catalog (20201113/psobject-220)
Sep 30 06:49:25 abhishek-kamal kernel: [    0.246287] ACPI: Skipping parse of AML opcode: Method (0x0014)
Sep 30 06:49:25 abhishek-kamal kernel: [    0.246326] ACPI BIOS Error (bug): Failure creating named object [\_SB.PCI0.XHC.RHUB.SS05._UPC], AE_ALREADY_EXISTS (20201113/dswload2-326)
Sep 30 06:49:25 abhishek-kamal kernel: [    0.246330] ACPI Error: AE_ALREADY_EXISTS, During name lookup/catalog (20201113/psobject-220)
Sep 30 06:49:25 abhishek-kamal kernel: [    0.246333] ACPI: Skipping parse of AML opcode: Method (0x0014)
Sep 30 06:49:25 abhishek-kamal kernel: [    0.246335] ACPI BIOS Error (bug): Failure creating named object [\_SB.PCI0.XHC.RHUB.SS05._PLD], AE_ALREADY_EXISTS (20201113/dswload2-326)
Sep 30 06:49:25 abhishek-kamal kernel: [    0.246339] ACPI Error: AE_ALREADY_EXISTS, During name lookup/catalog (20201113/psobject-220)
Sep 30 06:49:25 abhishek-kamal kernel: [    0.246341] ACPI: Skipping parse of AML opcode: Method (0x0014)
Sep 30 06:49:25 abhishek-kamal kernel: [    0.246380] ACPI BIOS Error (bug): Failure creating named object [\_SB.PCI0.XHC.RHUB.SS06._UPC], AE_ALREADY_EXISTS (20201113/dswload2-326)
Sep 30 06:49:25 abhishek-kamal kernel: [    0.246384] ACPI Error: AE_ALREADY_EXISTS, During name lookup/catalog (20201113/psobject-220)
Sep 30 06:49:25 abhishek-kamal kernel: [    0.246387] ACPI: Skipping parse of AML opcode: Method (0x0014)
Sep 30 06:49:25 abhishek-kamal kernel: [    0.246389] ACPI BIOS Error (bug): Failure creating named object [\_SB.PCI0.XHC.RHUB.SS06._PLD], AE_ALREADY_EXISTS (20201113/dswload2-326)
Sep 30 06:49:25 abhishek-kamal kernel: [    0.246393] ACPI Error: AE_ALREADY_EXISTS, During name lookup/catalog (20201113/psobject-220)
Sep 30 06:49:25 abhishek-kamal kernel: [    0.246395] ACPI: Skipping parse of AML opcode: Method (0x0014)
Sep 30 06:49:25 abhishek-kamal kernel: [    0.246434] ACPI BIOS Error (bug): Failure creating named object [\_SB.PCI0.XHC.RHUB.SS07._UPC], AE_ALREADY_EXISTS (20201113/dswload2-326)
Sep 30 06:49:25 abhishek-kamal kernel: [    0.246438] ACPI Error: AE_ALREADY_EXISTS, During name lookup/catalog (20201113/psobject-220)
Sep 30 06:49:25 abhishek-kamal kernel: [    0.246441] ACPI: Skipping parse of AML opcode: Method (0x0014)
Sep 30 06:49:25 abhishek-kamal kernel: [    0.246443] ACPI BIOS Error (bug): Failure creating named object [\_SB.PCI0.XHC.RHUB.SS07._PLD], AE_ALREADY_EXISTS (20201113/dswload2-326)
Sep 30 06:49:25 abhishek-kamal kernel: [    0.246447] ACPI Error: AE_ALREADY_EXISTS, During name lookup/catalog (20201113/psobject-220)
Sep 30 06:49:25 abhishek-kamal kernel: [    0.246450] ACPI: Skipping parse of AML opcode: Method (0x0014)
Sep 30 06:49:25 abhishek-kamal kernel: [    0.246489] ACPI BIOS Error (bug): Failure creating named object [\_SB.PCI0.XHC.RHUB.SS08._UPC], AE_ALREADY_EXISTS (20201113/dswload2-326)
Sep 30 06:49:25 abhishek-kamal kernel: [    0.246493] ACPI Error: AE_ALREADY_EXISTS, During name lookup/catalog (20201113/psobject-220)
Sep 30 06:49:25 abhishek-kamal kernel: [    0.246496] ACPI: Skipping parse of AML opcode: Method (0x0014)
Sep 30 06:49:25 abhishek-kamal kernel: [    0.246498] ACPI BIOS Error (bug): Failure creating named object [\_SB.PCI0.XHC.RHUB.SS08._PLD], AE_ALREADY_EXISTS (20201113/dswload2-326)
Sep 30 06:49:25 abhishek-kamal kernel: [    0.246502] ACPI Error: AE_ALREADY_EXISTS, During name lookup/catalog (20201113/psobject-220)
Sep 30 06:49:25 abhishek-kamal kernel: [    0.246504] ACPI: Skipping parse of AML opcode: Method (0x0014)
Sep 30 06:49:25 abhishek-kamal kernel: [    0.246543] ACPI BIOS Error (bug): Failure creating named object [\_SB.PCI0.XHC.RHUB.SS09._UPC], AE_ALREADY_EXISTS (20201113/dswload2-326)
Sep 30 06:49:25 abhishek-kamal kernel: [    0.246548] ACPI Error: AE_ALREADY_EXISTS, During name lookup/catalog (20201113/psobject-220)
Sep 30 06:49:25 abhishek-kamal kernel: [    0.246550] ACPI: Skipping parse of AML opcode: Method (0x0014)
Sep 30 06:49:25 abhishek-kamal kernel: [    0.246553] ACPI BIOS Error (bug): Failure creating named object [\_SB.PCI0.XHC.RHUB.SS09._PLD], AE_ALREADY_EXISTS (20201113/dswload2-326)
Sep 30 06:49:25 abhishek-kamal kernel: [    0.246556] ACPI Error: AE_ALREADY_EXISTS, During name lookup/catalog (20201113/psobject-220)
Sep 30 06:49:25 abhishek-kamal kernel: [    0.246559] ACPI: Skipping parse of AML opcode: Method (0x0014)
Sep 30 06:49:25 abhishek-kamal kernel: [    0.246598] ACPI BIOS Error (bug): Failure creating named object [\_SB.PCI0.XHC.RHUB.SS10._UPC], AE_ALREADY_EXISTS (20201113/dswload2-326)
Sep 30 06:49:25 abhishek-kamal kernel: [    0.246602] ACPI Error: AE_ALREADY_EXISTS, During name lookup/catalog (20201113/psobject-220)
Sep 30 06:49:25 abhishek-kamal kernel: [    0.246604] ACPI: Skipping parse of AML opcode: Method (0x0014)
Sep 30 06:49:25 abhishek-kamal kernel: [    0.246607] ACPI BIOS Error (bug): Failure creating named object [\_SB.PCI0.XHC.RHUB.SS10._PLD], AE_ALREADY_EXISTS (20201113/dswload2-326)
Sep 30 06:49:25 abhishek-kamal kernel: [    0.246611] ACPI Error: AE_ALREADY_EXISTS, During name lookup/catalog (20201113/psobject-220)
Sep 30 06:49:25 abhishek-kamal kernel: [    0.246613] ACPI: Skipping parse of AML opcode: Method (0x0014)
Sep 30 06:49:25 abhishek-kamal kernel: [    0.249875] ACPI: 12 ACPI AML tables successfully acquired and loaded
Sep 30 06:49:25 abhishek-kamal kernel: [    0.251925] ACPI Error: AE_NOT_FOUND, While resolving a named reference package element - \_SB_.PCI0.LPCB.H_EC.TFN1 (20201113/dspkginit-438)
Sep 30 06:49:25 abhishek-kamal kernel: [    0.251932] ACPI Error: AE_NOT_FOUND, While resolving a named reference package element - \_SB_.PCI0.LPCB.H_EC.TFN1 (20201113/dspkginit-438)
Sep 30 06:49:25 abhishek-kamal kernel: [    0.251939] ACPI Error: AE_NOT_FOUND, While resolving a named reference package element - \_SB_.PCI0.LPCB.H_EC.TFN1 (20201113/dspkginit-438)
Sep 30 06:49:25 abhishek-kamal kernel: [    0.251947] ACPI Error: AE_NOT_FOUND, While resolving a named reference package element - \_SB_.PCI0.LPCB.H_EC.TFN1 (20201113/dspkginit-438)
Sep 30 06:49:25 abhishek-kamal kernel: [    0.251952] ACPI Error: AE_NOT_FOUND, While resolving a named reference package element - \_SB_.PCI0.LPCB.H_EC.TFN1 (20201113/dspkginit-438)
Sep 30 06:49:25 abhishek-kamal kernel: [    0.251958] ACPI Error: AE_NOT_FOUND, While resolving a named reference package element - \_SB_.PCI0.LPCB.H_EC.TFN1 (20201113/dspkginit-438)
Sep 30 06:49:25 abhishek-kamal kernel: [    0.262097] ACPI: Dynamic OEM Table Load:
Sep 30 06:49:25 abhishek-kamal kernel: [    0.262108] ACPI: SSDT 0xFFFF97D38128A400 0000FC (v02 PmRef  Cpu0Psd  00003000 INTL 20160527)
Sep 30 06:49:25 abhishek-kamal kernel: [    0.263891] ACPI: \_SB_.PR00: _OSC native thermal LVT Acked
Sep 30 06:49:25 abhishek-kamal kernel: [    0.266099] ACPI: Dynamic OEM Table Load:
Sep 30 06:49:25 abhishek-kamal kernel: [    0.266108] ACPI: SSDT 0xFFFF97D381297800 000400 (v02 PmRef  Cpu0Cst  00003001 INTL 20160527)
Sep 30 06:49:25 abhishek-kamal kernel: [    0.268025] ACPI: Dynamic OEM Table Load:
Sep 30 06:49:25 abhishek-kamal kernel: [    0.268032] ACPI: SSDT 0xFFFF97D380C09800 000560 (v02 PmRef  Cpu0Ist  00003000 INTL 20160527)
Sep 30 06:49:25 abhishek-kamal kernel: [    0.270075] ACPI: Dynamic OEM Table Load:
Sep 30 06:49:25 abhishek-kamal kernel: [    0.270082] ACPI: SSDT 0xFFFF97D381119800 000137 (v02 PmRef  Cpu0Hwp  00003000 INTL 20160527)
Sep 30 06:49:25 abhishek-kamal kernel: [    0.271924] ACPI: Dynamic OEM Table Load:
Sep 30 06:49:25 abhishek-kamal kernel: [    0.271934] ACPI: SSDT 0xFFFF97D381246000 000BEA (v02 PmRef  HwpLvt   00003000 INTL 20160527)
Sep 30 06:49:25 abhishek-kamal kernel: [    0.274107] ACPI: Dynamic OEM Table Load:
Sep 30 06:49:25 abhishek-kamal kernel: [    0.274116] ACPI: SSDT 0xFFFF97D380C0C000 000778 (v02 PmRef  ApIst    00003000 INTL 20160527)
Sep 30 06:49:25 abhishek-kamal kernel: [    0.276222] ACPI: Dynamic OEM Table Load:
Sep 30 06:49:25 abhishek-kamal kernel: [    0.276229] ACPI: SSDT 0xFFFF97D381294000 0003D7 (v02 PmRef  ApHwp    00003000 INTL 20160527)
Sep 30 06:49:25 abhishek-kamal kernel: [    0.278325] ACPI: Dynamic OEM Table Load:
Sep 30 06:49:25 abhishek-kamal kernel: [    0.278334] ACPI: SSDT 0xFFFF97D381240000 000D22 (v02 PmRef  ApPsd    00003000 INTL 20160527)
Sep 30 06:49:25 abhishek-kamal kernel: [    0.281404] ACPI: Dynamic OEM Table Load:
Sep 30 06:49:25 abhishek-kamal kernel: [    0.281412] ACPI: SSDT 0xFFFF97D381291400 0003CA (v02 PmRef  ApCst    00003000 INTL 20160527)
Sep 30 06:49:25 abhishek-kamal kernel: [    0.288330] ACPI: EC: EC started
Sep 30 06:49:25 abhishek-kamal kernel: [    0.288331] ACPI: EC: interrupt blocked
Sep 30 06:49:25 abhishek-kamal kernel: [    0.288466] ACPI: EC: EC_CMD/EC_SC=0x66, EC_DATA=0x62
Sep 30 06:49:25 abhishek-kamal kernel: [    0.288469] ACPI: \_SB_.PCI0.LPCB.EC0_: Boot DSDT EC used to handle transactions
Sep 30 06:49:25 abhishek-kamal kernel: [    0.288471] ACPI: Interpreter enabled
Sep 30 06:49:25 abhishek-kamal kernel: [    0.288522] ACPI: (supports S0 S3 S4 S5)
Sep 30 06:49:25 abhishek-kamal kernel: [    0.288523] ACPI: Using IOAPIC for interrupt routing
Sep 30 06:49:25 abhishek-kamal kernel: [    0.288571] PCI: Using host bridge windows from ACPI; if necessary, use "pci=nocrs" and report a bug
Sep 30 06:49:25 abhishek-kamal kernel: [    0.290309] ACPI: Enabled 9 GPEs in block 00 to 7F
Sep 30 06:49:25 abhishek-kamal kernel: [    0.293870] ACPI: Power Resource [PG00] (on)
Sep 30 06:49:25 abhishek-kamal kernel: [    0.302205] ACPI: Power Resource [WRST] (on)
Sep 30 06:49:25 abhishek-kamal kernel: [    0.302315] ACPI: Power Resource [DRST] (on)
Sep 30 06:49:25 abhishek-kamal kernel: [    0.308546] ACPI: Power Resource [USBC] (on)
Sep 30 06:49:25 abhishek-kamal kernel: [    0.312877] ACPI: Power Resource [V0PR] (on)
Sep 30 06:49:25 abhishek-kamal kernel: [    0.313183] ACPI: Power Resource [V1PR] (on)
Sep 30 06:49:25 abhishek-kamal kernel: [    0.313482] ACPI: Power Resource [V2PR] (on)
Sep 30 06:49:25 abhishek-kamal kernel: [    0.318339] ACPI: Power Resource [WRST] (on)
Sep 30 06:49:25 abhishek-kamal kernel: [    0.323902] ACPI: Power Resource [FN00] (off)
Sep 30 06:49:25 abhishek-kamal kernel: [    0.324030] ACPI: Power Resource [FN01] (off)
Sep 30 06:49:25 abhishek-kamal kernel: [    0.324158] ACPI: Power Resource [FN02] (off)
Sep 30 06:49:25 abhishek-kamal kernel: [    0.324283] ACPI: Power Resource [FN03] (off)
Sep 30 06:49:25 abhishek-kamal kernel: [    0.324406] ACPI: Power Resource [FN04] (off)
Sep 30 06:49:25 abhishek-kamal kernel: [    0.325207] ACPI: Power Resource [PIN] (off)
Sep 30 06:49:25 abhishek-kamal kernel: [    0.325778] ACPI: PCI Root Bridge [PCI0] (domain 0000 [bus 00-fe])
Sep 30 06:49:25 abhishek-kamal kernel: [    0.325787] acpi PNP0A08:00: _OSC: OS supports [ExtendedConfig ASPM ClockPM Segments MSI HPX-Type3]
Sep 30 06:49:25 abhishek-kamal kernel: [    0.329541] acpi PNP0A08:00: _OSC: OS now controls [PCIeHotplug SHPCHotplug PME AER PCIeCapability LTR]
Sep 30 06:49:25 abhishek-kamal kernel: [    0.329543] acpi PNP0A08:00: FADT indicates ASPM is unsupported, using BIOS configuration
Sep 30 06:49:25 abhishek-kamal kernel: [    0.330950] PCI host bridge to bus 0000:00
Sep 30 06:49:25 abhishek-kamal kernel: [    0.330953] pci_bus 0000:00: root bus resource [bus 00-fe]
Sep 30 06:49:25 abhishek-kamal kernel: [    0.330956] pci_bus 0000:00: root bus resource [io  0x0000-0x0cf7 window]
Sep 30 06:49:25 abhishek-kamal kernel: [    0.330958] pci_bus 0000:00: root bus resource [io  0x0d00-0xffff window]
Sep 30 06:49:25 abhishek-kamal kernel: [    0.330960] pci_bus 0000:00: root bus resource [mem 0x000a0000-0x000bffff window]
Sep 30 06:49:25 abhishek-kamal kernel: [    0.330961] pci_bus 0000:00: root bus resource [mem 0x000e0000-0x000fffff window]
Sep 30 06:49:25 abhishek-kamal kernel: [    0.330963] pci_bus 0000:00: root bus resource [mem 0x9f800000-0xdfffffff window]
Sep 30 06:49:25 abhishek-kamal kernel: [    0.330964] pci_bus 0000:00: root bus resource [mem 0xfc800000-0xfe7fffff window]
Sep 30 06:49:25 abhishek-kamal kernel: [    0.330989] pci 0000:00:00.0: [8086:9b64] type 00 class 0x060000
Sep 30 06:49:25 abhishek-kamal kernel: [    0.331292] pci 0000:00:01.0: [8086:1901] type 01 class 0x060400
Sep 30 06:49:25 abhishek-kamal kernel: [    0.331339] pci 0000:00:01.0: PME# supported from D0 D3hot D3cold
Sep 30 06:49:25 abhishek-kamal kernel: [    0.331707] pci 0000:00:02.0: [8086:9bc4] type 00 class 0x030000
Sep 30 06:49:25 abhishek-kamal kernel: [    0.331716] pci 0000:00:02.0: reg 0x10: [mem 0xc3000000-0xc3ffffff 64bit]
Sep 30 06:49:25 abhishek-kamal kernel: [    0.331723] pci 0000:00:02.0: reg 0x18: [mem 0xa0000000-0xafffffff 64bit pref]
Sep 30 06:49:25 abhishek-kamal kernel: [    0.331727] pci 0000:00:02.0: reg 0x20: [io  0x5000-0x503f]
Sep 30 06:49:25 abhishek-kamal kernel: [    0.331746] pci 0000:00:02.0: BAR 2: assigned to efifb
Sep 30 06:49:25 abhishek-kamal kernel: [    0.331985] pci 0000:00:04.0: [8086:1903] type 00 class 0x118000
Sep 30 06:49:25 abhishek-kamal kernel: [    0.331994] pci 0000:00:04.0: reg 0x10: [mem 0xc5410000-0xc5417fff 64bit]
Sep 30 06:49:25 abhishek-kamal kernel: [    0.332298] pci 0000:00:08.0: [8086:1911] type 00 class 0x088000
Sep 30 06:49:25 abhishek-kamal kernel: [    0.332307] pci 0000:00:08.0: reg 0x10: [mem 0xc5427000-0xc5427fff 64bit]
Sep 30 06:49:25 abhishek-kamal kernel: [    0.332612] pci 0000:00:12.0: [8086:06f9] type 00 class 0x118000
Sep 30 06:49:25 abhishek-kamal kernel: [    0.332636] pci 0000:00:12.0: reg 0x10: [mem 0xc5426000-0xc5426fff 64bit]
Sep 30 06:49:25 abhishek-kamal kernel: [    0.333001] pci 0000:00:14.0: [8086:06ed] type 00 class 0x0c0330
Sep 30 06:49:25 abhishek-kamal kernel: [    0.333028] pci 0000:00:14.0: reg 0x10: [mem 0xc5400000-0xc540ffff 64bit]
Sep 30 06:49:25 abhishek-kamal kernel: [    0.333137] pci 0000:00:14.0: PME# supported from D3hot D3cold
Sep 30 06:49:25 abhishek-kamal kernel: [    0.333480] pci 0000:00:14.2: [8086:06ef] type 00 class 0x050000
Sep 30 06:49:25 abhishek-kamal kernel: [    0.333503] pci 0000:00:14.2: reg 0x10: [mem 0xc541e000-0xc541ffff 64bit]
Sep 30 06:49:25 abhishek-kamal kernel: [    0.333518] pci 0000:00:14.2: reg 0x18: [mem 0xc5425000-0xc5425fff 64bit]
Sep 30 06:49:25 abhishek-kamal kernel: [    0.334216] pci 0000:00:15.0: [8086:06e8] type 00 class 0x0c8000
Sep 30 06:49:25 abhishek-kamal kernel: [    0.334790] pci 0000:00:15.0: reg 0x10: [mem 0x00000000-0x00000fff 64bit]
Sep 30 06:49:25 abhishek-kamal kernel: [    0.337355] pci 0000:00:16.0: [8086:06e0] type 00 class 0x078000
Sep 30 06:49:25 abhishek-kamal kernel: [    0.337380] pci 0000:00:16.0: reg 0x10: [mem 0xc5423000-0xc5423fff 64bit]
Sep 30 06:49:25 abhishek-kamal kernel: [    0.337471] pci 0000:00:16.0: PME# supported from D3hot
Sep 30 06:49:25 abhishek-kamal kernel: [    0.337853] pci 0000:00:17.0: [8086:06d3] type 00 class 0x010601
Sep 30 06:49:25 abhishek-kamal kernel: [    0.337882] pci 0000:00:17.0: reg 0x10: [mem 0xc541c000-0xc541dfff]
Sep 30 06:49:25 abhishek-kamal kernel: [    0.337891] pci 0000:00:17.0: reg 0x14: [mem 0xc5422000-0xc54220ff]
Sep 30 06:49:25 abhishek-kamal kernel: [    0.337900] pci 0000:00:17.0: reg 0x18: [io  0x5090-0x5097]
Sep 30 06:49:25 abhishek-kamal kernel: [    0.337914] pci 0000:00:17.0: reg 0x1c: [io  0x5080-0x5083]
Sep 30 06:49:25 abhishek-kamal kernel: [    0.337923] pci 0000:00:17.0: reg 0x20: [io  0x5060-0x507f]
Sep 30 06:49:25 abhishek-kamal kernel: [    0.337932] pci 0000:00:17.0: reg 0x24: [mem 0xc5421000-0xc54217ff]
Sep 30 06:49:25 abhishek-kamal kernel: [    0.338005] pci 0000:00:17.0: PME# supported from D3hot
Sep 30 06:49:25 abhishek-kamal kernel: [    0.338384] pci 0000:00:1d.0: [8086:06b0] type 01 class 0x060400
Sep 30 06:49:25 abhishek-kamal kernel: [    0.338557] pci 0000:00:1d.0: PME# supported from D0 D3hot D3cold
Sep 30 06:49:25 abhishek-kamal kernel: [    0.338624] pci 0000:00:1d.0: PTM enabled (root), 4ns granularity
Sep 30 06:49:25 abhishek-kamal kernel: [    0.339017] pci 0000:00:1d.5: [8086:06b5] type 01 class 0x060400
Sep 30 06:49:25 abhishek-kamal kernel: [    0.339191] pci 0000:00:1d.5: PME# supported from D0 D3hot D3cold
Sep 30 06:49:25 abhishek-kamal kernel: [    0.339257] pci 0000:00:1d.5: PTM enabled (root), 4ns granularity
Sep 30 06:49:25 abhishek-kamal kernel: [    0.339608] pci 0000:00:1d.6: [8086:06b6] type 01 class 0x060400
Sep 30 06:49:25 abhishek-kamal kernel: [    0.339780] pci 0000:00:1d.6: PME# supported from D0 D3hot D3cold
Sep 30 06:49:25 abhishek-kamal kernel: [    0.339848] pci 0000:00:1d.6: PTM enabled (root), 4ns granularity
Sep 30 06:49:25 abhishek-kamal kernel: [    0.340202] pci 0000:00:1f.0: [8086:068d] type 00 class 0x060100
Sep 30 06:49:25 abhishek-kamal kernel: [    0.340749] pci 0000:00:1f.3: [8086:06c8] type 00 class 0x040380
Sep 30 06:49:25 abhishek-kamal kernel: [    0.340801] pci 0000:00:1f.3: reg 0x10: [mem 0xc5418000-0xc541bfff 64bit]
Sep 30 06:49:25 abhishek-kamal kernel: [    0.340865] pci 0000:00:1f.3: reg 0x20: [mem 0xc5100000-0xc51fffff 64bit]
Sep 30 06:49:25 abhishek-kamal kernel: [    0.340999] pci 0000:00:1f.3: PME# supported from D3hot D3cold
Sep 30 06:49:25 abhishek-kamal kernel: [    0.341508] pci 0000:00:1f.4: [8086:06a3] type 00 class 0x0c0500
Sep 30 06:49:25 abhishek-kamal kernel: [    0.341583] pci 0000:00:1f.4: reg 0x10: [mem 0xc5420000-0xc54200ff 64bit]
Sep 30 06:49:25 abhishek-kamal kernel: [    0.341675] pci 0000:00:1f.4: reg 0x20: [io  0xefa0-0xefbf]
Sep 30 06:49:25 abhishek-kamal kernel: [    0.342033] pci 0000:00:1f.5: [8086:06a4] type 00 class 0x0c8000
Sep 30 06:49:25 abhishek-kamal kernel: [    0.342054] pci 0000:00:1f.5: reg 0x10: [mem 0xfe010000-0xfe010fff]
Sep 30 06:49:25 abhishek-kamal kernel: [    0.342375] pci 0000:01:00.0: [10de:1f99] type 00 class 0x030000
Sep 30 06:49:25 abhishek-kamal kernel: [    0.342395] pci 0000:01:00.0: reg 0x10: [mem 0xc4000000-0xc4ffffff]
Sep 30 06:49:25 abhishek-kamal kernel: [    0.342411] pci 0000:01:00.0: reg 0x14: [mem 0xb0000000-0xbfffffff 64bit pref]
Sep 30 06:49:25 abhishek-kamal kernel: [    0.342427] pci 0000:01:00.0: reg 0x1c: [mem 0xc0000000-0xc1ffffff 64bit pref]
Sep 30 06:49:25 abhishek-kamal kernel: [    0.342436] pci 0000:01:00.0: reg 0x24: [io  0x4000-0x407f]
Sep 30 06:49:25 abhishek-kamal kernel: [    0.342446] pci 0000:01:00.0: reg 0x30: [mem 0xc5000000-0xc507ffff pref]
Sep 30 06:49:25 abhishek-kamal kernel: [    0.342537] pci 0000:01:00.0: PME# supported from D0 D3hot D3cold
Sep 30 06:49:25 abhishek-kamal kernel: [    0.342721] pci 0000:01:00.1: [10de:10fa] type 00 class 0x040300
Sep 30 06:49:25 abhishek-kamal kernel: [    0.342741] pci 0000:01:00.1: reg 0x10: [mem 0xc5080000-0xc5083fff]
Sep 30 06:49:25 abhishek-kamal kernel: [    0.342958] pci 0000:00:01.0: PCI bridge to [bus 01]
Sep 30 06:49:25 abhishek-kamal kernel: [    0.342961] pci 0000:00:01.0:   bridge window [io  0x4000-0x4fff]
Sep 30 06:49:25 abhishek-kamal kernel: [    0.342964] pci 0000:00:01.0:   bridge window [mem 0xc4000000-0xc50fffff]
Sep 30 06:49:25 abhishek-kamal kernel: [    0.342967] pci 0000:00:01.0:   bridge window [mem 0xb0000000-0xc1ffffff 64bit pref]
Sep 30 06:49:25 abhishek-kamal kernel: [    0.343314] pci 0000:02:00.0: [1344:5404] type 00 class 0x010802
Sep 30 06:49:25 abhishek-kamal kernel: [    0.343341] pci 0000:02:00.0: reg 0x10: [mem 0xc5300000-0xc5303fff 64bit]
Sep 30 06:49:25 abhishek-kamal kernel: [    0.343709] pci 0000:00:1d.0: PCI bridge to [bus 02]
Sep 30 06:49:25 abhishek-kamal kernel: [    0.343717] pci 0000:00:1d.0:   bridge window [mem 0xc5300000-0xc53fffff]
Sep 30 06:49:25 abhishek-kamal kernel: [    0.343848] pci 0000:03:00.0: [14c3:7961] type 00 class 0x028000
Sep 30 06:49:25 abhishek-kamal kernel: [    0.343872] pci 0000:03:00.0: reg 0x10: [mem 0xc2100000-0xc21fffff 64bit pref]
Sep 30 06:49:25 abhishek-kamal kernel: [    0.343888] pci 0000:03:00.0: reg 0x18: [mem 0xc2200000-0xc2203fff 64bit pref]
Sep 30 06:49:25 abhishek-kamal kernel: [    0.343902] pci 0000:03:00.0: reg 0x20: [mem 0xc2204000-0xc2204fff 64bit pref]
Sep 30 06:49:25 abhishek-kamal kernel: [    0.344002] pci 0000:03:00.0: supports D1 D2
Sep 30 06:49:25 abhishek-kamal kernel: [    0.344003] pci 0000:03:00.0: PME# supported from D0 D1 D2 D3hot D3cold
Sep 30 06:49:25 abhishek-kamal kernel: [    0.344212] pci 0000:00:1d.5: PCI bridge to [bus 03]
Sep 30 06:49:25 abhishek-kamal kernel: [    0.344226] pci 0000:00:1d.5:   bridge window [mem 0xc2100000-0xc22fffff 64bit pref]
Sep 30 06:49:25 abhishek-kamal kernel: [    0.344352] pci 0000:04:00.0: [10ec:8168] type 00 class 0x020000
Sep 30 06:49:25 abhishek-kamal kernel: [    0.344373] pci 0000:04:00.0: reg 0x10: [io  0x3000-0x30ff]
Sep 30 06:49:25 abhishek-kamal kernel: [    0.344401] pci 0000:04:00.0: reg 0x18: [mem 0xc5204000-0xc5204fff 64bit]
Sep 30 06:49:25 abhishek-kamal kernel: [    0.344419] pci 0000:04:00.0: reg 0x20: [mem 0xc5200000-0xc5203fff 64bit]
Sep 30 06:49:25 abhishek-kamal kernel: [    0.344538] pci 0000:04:00.0: supports D1 D2
Sep 30 06:49:25 abhishek-kamal kernel: [    0.344539] pci 0000:04:00.0: PME# supported from D0 D1 D2 D3hot D3cold
Sep 30 06:49:25 abhishek-kamal kernel: [    0.344733] pci 0000:00:1d.6: PCI bridge to [bus 04]
Sep 30 06:49:25 abhishek-kamal kernel: [    0.344737] pci 0000:00:1d.6:   bridge window [io  0x3000-0x3fff]
Sep 30 06:49:25 abhishek-kamal kernel: [    0.344742] pci 0000:00:1d.6:   bridge window [mem 0xc5200000-0xc52fffff]
Sep 30 06:49:25 abhishek-kamal kernel: [    0.347605] ACPI: PCI Interrupt Link [LNKA] (IRQs 3 4 5 6 10 11 12 14 15) *0
Sep 30 06:49:25 abhishek-kamal kernel: [    0.347745] ACPI: PCI Interrupt Link [LNKB] (IRQs 3 4 5 6 10 11 12 14 15) *1
Sep 30 06:49:25 abhishek-kamal kernel: [    0.347879] ACPI: PCI Interrupt Link [LNKC] (IRQs 3 4 5 6 10 11 12 14 15) *0
Sep 30 06:49:25 abhishek-kamal kernel: [    0.348012] ACPI: PCI Interrupt Link [LNKD] (IRQs 3 4 5 6 10 11 12 14 15) *0
Sep 30 06:49:25 abhishek-kamal kernel: [    0.348145] ACPI: PCI Interrupt Link [LNKE] (IRQs 3 4 5 6 10 11 12 14 15) *0
Sep 30 06:49:25 abhishek-kamal kernel: [    0.348278] ACPI: PCI Interrupt Link [LNKF] (IRQs 3 4 5 6 10 11 12 14 15) *0
Sep 30 06:49:25 abhishek-kamal kernel: [    0.348411] ACPI: PCI Interrupt Link [LNKG] (IRQs 3 4 5 6 10 11 12 14 15) *0
Sep 30 06:49:25 abhishek-kamal kernel: [    0.348549] ACPI: PCI Interrupt Link [LNKH] (IRQs 3 4 5 6 10 11 12 14 15) *0
Sep 30 06:49:25 abhishek-kamal kernel: [    0.357458] ACPI: EC: interrupt unblocked
Sep 30 06:49:25 abhishek-kamal kernel: [    0.357459] ACPI: EC: event unblocked
Sep 30 06:49:25 abhishek-kamal kernel: [    0.357489] ACPI: EC: EC_CMD/EC_SC=0x66, EC_DATA=0x62
Sep 30 06:49:25 abhishek-kamal kernel: [    0.357490] ACPI: EC: GPE=0x37
Sep 30 06:49:25 abhishek-kamal kernel: [    0.357491] ACPI: \_SB_.PCI0.LPCB.EC0_: Boot DSDT EC initialization complete
Sep 30 06:49:25 abhishek-kamal kernel: [    0.357493] ACPI: \_SB_.PCI0.LPCB.EC0_: EC: Used to handle transactions and events
